Archive member included to satisfy reference by file (symbol)

c:/st/stm32cubeide_1.10.1/stm32cubeide/plugins/com.st.stm32cube.ide.mcu.externaltools.gnu-tools-for-stm32.10.3-2021.10.win32_1.0.200.202301161003/tools/bin/../lib/gcc/arm-none-eabi/10.3.1/../../../../arm-none-eabi/lib/thumb/v7e-m+fp/hard\libstdc++_nano.a(del_ops.o)
                              ./Snake/snake.o (operator delete(void*, unsigned int))
c:/st/stm32cubeide_1.10.1/stm32cubeide/plugins/com.st.stm32cube.ide.mcu.externaltools.gnu-tools-for-stm32.10.3-2021.10.win32_1.0.200.202301161003/tools/bin/../lib/gcc/arm-none-eabi/10.3.1/../../../../arm-none-eabi/lib/thumb/v7e-m+fp/hard\libstdc++_nano.a(new_op.o)
                              ./Snake/snake.o (operator new(unsigned int))
c:/st/stm32cubeide_1.10.1/stm32cubeide/plugins/com.st.stm32cube.ide.mcu.externaltools.gnu-tools-for-stm32.10.3-2021.10.win32_1.0.200.202301161003/tools/bin/../lib/gcc/arm-none-eabi/10.3.1/../../../../arm-none-eabi/lib/thumb/v7e-m+fp/hard\libstdc++_nano.a(list.o)
                              ./Snake/snake.o (std::__detail::_List_node_base::_M_transfer(std::__detail::_List_node_base*, std::__detail::_List_node_base*))
c:/st/stm32cubeide_1.10.1/stm32cubeide/plugins/com.st.stm32cube.ide.mcu.externaltools.gnu-tools-for-stm32.10.3-2021.10.win32_1.0.200.202301161003/tools/bin/../lib/gcc/arm-none-eabi/10.3.1/../../../../arm-none-eabi/lib/thumb/v7e-m+fp/hard\libstdc++_nano.a(functexcept.o)
                              ./Snake/snake.o (std::__throw_bad_alloc())
c:/st/stm32cubeide_1.10.1/stm32cubeide/plugins/com.st.stm32cube.ide.mcu.externaltools.gnu-tools-for-stm32.10.3-2021.10.win32_1.0.200.202301161003/tools/bin/../lib/gcc/arm-none-eabi/10.3.1/../../../../arm-none-eabi/lib/thumb/v7e-m+fp/hard\libstdc++_nano.a(functional.o)
                              ./Snake/snake.o (std::__throw_bad_function_call())
c:/st/stm32cubeide_1.10.1/stm32cubeide/plugins/com.st.stm32cube.ide.mcu.externaltools.gnu-tools-for-stm32.10.3-2021.10.win32_1.0.200.202301161003/tools/bin/../lib/gcc/arm-none-eabi/10.3.1/../../../../arm-none-eabi/lib/thumb/v7e-m+fp/hard\libstdc++_nano.a(snprintf_lite.o)
                              c:/st/stm32cubeide_1.10.1/stm32cubeide/plugins/com.st.stm32cube.ide.mcu.externaltools.gnu-tools-for-stm32.10.3-2021.10.win32_1.0.200.202301161003/tools/bin/../lib/gcc/arm-none-eabi/10.3.1/../../../../arm-none-eabi/lib/thumb/v7e-m+fp/hard\libstdc++_nano.a(functexcept.o) (__gnu_cxx::__snprintf_lite(char*, unsigned int, char const*, std::__va_list))
c:/st/stm32cubeide_1.10.1/stm32cubeide/plugins/com.st.stm32cube.ide.mcu.externaltools.gnu-tools-for-stm32.10.3-2021.10.win32_1.0.200.202301161003/tools/bin/../lib/gcc/arm-none-eabi/10.3.1/../../../../arm-none-eabi/lib/thumb/v7e-m+fp/hard\libstdc++_nano.a(del_op.o)
                              c:/st/stm32cubeide_1.10.1/stm32cubeide/plugins/com.st.stm32cube.ide.mcu.externaltools.gnu-tools-for-stm32.10.3-2021.10.win32_1.0.200.202301161003/tools/bin/../lib/gcc/arm-none-eabi/10.3.1/../../../../arm-none-eabi/lib/thumb/v7e-m+fp/hard\libstdc++_nano.a(del_ops.o) (operator delete(void*))
c:/st/stm32cubeide_1.10.1/stm32cubeide/plugins/com.st.stm32cube.ide.mcu.externaltools.gnu-tools-for-stm32.10.3-2021.10.win32_1.0.200.202301161003/tools/bin/../lib/gcc/arm-none-eabi/10.3.1/../../../../arm-none-eabi/lib/thumb/v7e-m+fp/hard\libstdc++_nano.a(eh_exception.o)
                              c:/st/stm32cubeide_1.10.1/stm32cubeide/plugins/com.st.stm32cube.ide.mcu.externaltools.gnu-tools-for-stm32.10.3-2021.10.win32_1.0.200.202301161003/tools/bin/../lib/gcc/arm-none-eabi/10.3.1/../../../../arm-none-eabi/lib/thumb/v7e-m+fp/hard\libstdc++_nano.a(functional.o) (std::exception::~exception())
c:/st/stm32cubeide_1.10.1/stm32cubeide/plugins/com.st.stm32cube.ide.mcu.externaltools.gnu-tools-for-stm32.10.3-2021.10.win32_1.0.200.202301161003/tools/bin/../lib/gcc/arm-none-eabi/10.3.1/../../../../arm-none-eabi/lib/thumb/v7e-m+fp/hard\libstdc++_nano.a(new_handler.o)
                              c:/st/stm32cubeide_1.10.1/stm32cubeide/plugins/com.st.stm32cube.ide.mcu.externaltools.gnu-tools-for-stm32.10.3-2021.10.win32_1.0.200.202301161003/tools/bin/../lib/gcc/arm-none-eabi/10.3.1/../../../../arm-none-eabi/lib/thumb/v7e-m+fp/hard\libstdc++_nano.a(new_op.o) (std::get_new_handler())
c:/st/stm32cubeide_1.10.1/stm32cubeide/plugins/com.st.stm32cube.ide.mcu.externaltools.gnu-tools-for-stm32.10.3-2021.10.win32_1.0.200.202301161003/tools/bin/../lib/gcc/arm-none-eabi/10.3.1/../../../../arm-none-eabi/lib/thumb/v7e-m+fp/hard\libstdc++_nano.a(pure.o)
                              c:/st/stm32cubeide_1.10.1/stm32cubeide/plugins/com.st.stm32cube.ide.mcu.externaltools.gnu-tools-for-stm32.10.3-2021.10.win32_1.0.200.202301161003/tools/bin/../lib/gcc/arm-none-eabi/10.3.1/../../../../arm-none-eabi/lib/thumb/v7e-m+fp/hard\libstdc++_nano.a(eh_exception.o) (__cxa_pure_virtual)
[...]
Memory Configuration

Name             Origin             Length             Attributes
CCMRAM           0x0000000010000000 0x0000000000010000 xrw
RAM              0x0000000020000000 0x0000000000020000 xrw
FLASH            0x0000000008000000 0x0000000000100000 xr
*default*        0x0000000000000000 0xffffffffffffffff

Linker script and memory map

LOAD c:/st/stm32cubeide_1.10.1/stm32cubeide/plugins/com.st.stm32cube.ide.mcu.externaltools.gnu-tools-for-stm32.10.3-2021.10.win32_1.0.200.202301161003/tools/bin/../lib/gcc/arm-none-eabi/10.3.1/thumb/v7e-m+fp/hard/crti.o
LOAD c:/st/stm32cubeide_1.10.1/stm32cubeide/plugins/com.st.stm32cube.ide.mcu.externaltools.gnu-tools-for-stm32.10.3-2021.10.win32_1.0.200.202301161003/tools/bin/../lib/gcc/arm-none-eabi/10.3.1/thumb/v7e-m+fp/hard/crtbegin.o
LOAD c:/st/stm32cubeide_1.10.1/stm32cubeide/plugins/com.st.stm32cube.ide.mcu.externaltools.gnu-tools-for-stm32.10.3-2021.10.win32_1.0.200.202301161003/tools/bin/../lib/gcc/arm-none-eabi/10.3.1/../../../../arm-none-eabi/lib/thumb/v7e-m+fp/hard/crt0.o
LOAD ./Core/Src/freertos.o
LOAD ./Core/Src/main.o
LOAD ./Core/Src/stm32f4xx_hal_msp.o
LOAD ./Core/Src/stm32f4xx_it.o
LOAD ./Core/Src/syscalls.o
LOAD ./Core/Src/sysmem.o
LOAD ./Core/Src/system_stm32f4xx.o
LOAD ./Core/Startup/startup_stm32f407vgtx.o
LOAD ./CustomDrivers/ButtonDriver/button_driver.o
LOAD ./CustomDrivers/GPIO/gpio.o
LOAD ./CustomDrivers/HD44780U/hd44780u.o
LOAD ./Drivers/STM32F4xx_HAL_Driver/Src/stm32f4xx_hal.o
LOAD ./Drivers/STM32F4xx_HAL_Driver/Src/stm32f4xx_hal_cortex.o
LOAD ./Drivers/STM32F4xx_HAL_Driver/Src/stm32f4xx_hal_dma.o
LOAD ./Drivers/STM32F4xx_HAL_Driver/Src/stm32f4xx_hal_dma_ex.o
LOAD ./Drivers/STM32F4xx_HAL_Driver/Src/stm32f4xx_hal_exti.o
LOAD ./Drivers/STM32F4xx_HAL_Driver/Src/stm32f4xx_hal_flash.o
LOAD ./Drivers/STM32F4xx_HAL_Driver/Src/stm32f4xx_hal_flash_ex.o
LOAD ./Drivers/STM32F4xx_HAL_Driver/Src/stm32f4xx_hal_flash_ramfunc.o
LOAD ./Drivers/STM32F4xx_HAL_Driver/Src/stm32f4xx_hal_gpio.o
LOAD ./Drivers/STM32F4xx_HAL_Driver/Src/stm32f4xx_hal_pwr.o
LOAD ./Drivers/STM32F4xx_HAL_Driver/Src/stm32f4xx_hal_pwr_ex.o
LOAD ./Drivers/STM32F4xx_HAL_Driver/Src/stm32f4xx_hal_rcc.o
LOAD ./Drivers/STM32F4xx_HAL_Driver/Src/stm32f4xx_hal_rcc_ex.o
LOAD ./Drivers/STM32F4xx_HAL_Driver/Src/stm32f4xx_hal_tim.o
LOAD ./Drivers/STM32F4xx_HAL_Driver/Src/stm32f4xx_hal_tim_ex.o
LOAD ./Middlewares/Third_Party/FreeRTOS/Source/CMSIS_RTOS_V2/cmsis_os2.o
LOAD ./Middlewares/Third_Party/FreeRTOS/Source/croutine.o
LOAD ./Middlewares/Third_Party/FreeRTOS/Source/event_groups.o
LOAD ./Middlewares/Third_Party/FreeRTOS/Source/list.o
LOAD ./Middlewares/Third_Party/FreeRTOS/Source/queue.o
LOAD ./Middlewares/Third_Party/FreeRTOS/Source/stream_buffer.o
LOAD ./Middlewares/Third_Party/FreeRTOS/Source/tasks.o
LOAD ./Middlewares/Third_Party/FreeRTOS/Source/timers.o
LOAD ./Middlewares/Third_Party/FreeRTOS/Source/portable/GCC/ARM_CM4F/port.o
LOAD ./Middlewares/Third_Party/FreeRTOS/Source/portable/MemMang/heap_4.o
LOAD ./Snake/snake.o
START GROUP
LOAD c:/st/stm32cubeide_1.10.1/stm32cubeide/plugins/com.st.stm32cube.ide.mcu.externaltools.gnu-tools-for-stm32.10.3-2021.10.win32_1.0.200.202301161003/tools/bin/../lib/gcc/arm-none-eabi/10.3.1/../../../../arm-none-eabi/lib/thumb/v7e-m+fp/hard\libstdc++_nano.a
LOAD c:/st/stm32cubeide_1.10.1/stm32cubeide/plugins/com.st.stm32cube.ide.mcu.externaltools.gnu-tools-for-stm32.10.3-2021.10.win32_1.0.200.202301161003/tools/bin/../lib/gcc/arm-none-eabi/10.3.1/../../../../arm-none-eabi/lib/thumb/v7e-m+fp/hard\libsupc++_nano.a
END GROUP
LOAD c:/st/stm32cubeide_1.10.1/stm32cubeide/plugins/com.st.stm32cube.ide.mcu.externaltools.gnu-tools-for-stm32.10.3-2021.10.win32_1.0.200.202301161003/tools/bin/../lib/gcc/arm-none-eabi/10.3.1/../../../../arm-none-eabi/lib/thumb/v7e-m+fp/hard\libstdc++_nano.a
LOAD c:/st/stm32cubeide_1.10.1/stm32cubeide/plugins/com.st.stm32cube.ide.mcu.externaltools.gnu-tools-for-stm32.10.3-2021.10.win32_1.0.200.202301161003/tools/bin/../lib/gcc/arm-none-eabi/10.3.1/../../../../arm-none-eabi/lib/thumb/v7e-m+fp/hard\libm.a
LOAD c:/st/stm32cubeide_1.10.1/stm32cubeide/plugins/com.st.stm32cube.ide.mcu.externaltools.gnu-tools-for-stm32.10.3-2021.10.win32_1.0.200.202301161003/tools/bin/../lib/gcc/arm-none-eabi/10.3.1/../../../../arm-none-eabi/lib/thumb/v7e-m+fp/hard\libc_nano.a
START GROUP
LOAD c:/st/stm32cubeide_1.10.1/stm32cubeide/plugins/com.st.stm32cube.ide.mcu.externaltools.gnu-tools-for-stm32.10.3-2021.10.win32_1.0.200.202301161003/tools/bin/../lib/gcc/arm-none-eabi/10.3.1/thumb/v7e-m+fp/hard\libgcc.a
LOAD c:/st/stm32cubeide_1.10.1/stm32cubeide/plugins/com.st.stm32cube.ide.mcu.externaltools.gnu-tools-for-stm32.10.3-2021.10.win32_1.0.200.202301161003/tools/bin/../lib/gcc/arm-none-eabi/10.3.1/../../../../arm-none-eabi/lib/thumb/v7e-m+fp/hard\libc_nano.a
END GROUP
START GROUP
LOAD c:/st/stm32cubeide_1.10.1/stm32cubeide/plugins/com.st.stm32cube.ide.mcu.externaltools.gnu-tools-for-stm32.10.3-2021.10.win32_1.0.200.202301161003/tools/bin/../lib/gcc/arm-none-eabi/10.3.1/thumb/v7e-m+fp/hard\libgcc.a
LOAD c:/st/stm32cubeide_1.10.1/stm32cubeide/plugins/com.st.stm32cube.ide.mcu.externaltools.gnu-tools-for-stm32.10.3-2021.10.win32_1.0.200.202301161003/tools/bin/../lib/gcc/arm-none-eabi/10.3.1/../../../../arm-none-eabi/lib/thumb/v7e-m+fp/hard\libc_nano.a
LOAD c:/st/stm32cubeide_1.10.1/stm32cubeide/plugins/com.st.stm32cube.ide.mcu.externaltools.gnu-tools-for-stm32.10.3-2021.10.win32_1.0.200.202301161003/tools/bin/../lib/gcc/arm-none-eabi/10.3.1/../../../../arm-none-eabi/lib/thumb/v7e-m+fp/hard\libnosys.a
END GROUP
START GROUP
LOAD c:/st/stm32cubeide_1.10.1/stm32cubeide/plugins/com.st.stm32cube.ide.mcu.externaltools.gnu-tools-for-stm32.10.3-2021.10.win32_1.0.200.202301161003/tools/bin/../lib/gcc/arm-none-eabi/10.3.1/thumb/v7e-m+fp/hard\libgcc.a
LOAD c:/st/stm32cubeide_1.10.1/stm32cubeide/plugins/com.st.stm32cube.ide.mcu.externaltools.gnu-tools-for-stm32.10.3-2021.10.win32_1.0.200.202301161003/tools/bin/../lib/gcc/arm-none-eabi/10.3.1/../../../../arm-none-eabi/lib/thumb/v7e-m+fp/hard\libc_nano.a
LOAD c:/st/stm32cubeide_1.10.1/stm32cubeide/plugins/com.st.stm32cube.ide.mcu.externaltools.gnu-tools-for-stm32.10.3-2021.10.win32_1.0.200.202301161003/tools/bin/../lib/gcc/arm-none-eabi/10.3.1/../../../../arm-none-eabi/lib/thumb/v7e-m+fp/hard\libnosys.a
END GROUP
LOAD c:/st/stm32cubeide_1.10.1/stm32cubeide/plugins/com.st.stm32cube.ide.mcu.externaltools.gnu-tools-for-stm32.10.3-2021.10.win32_1.0.200.202301161003/tools/bin/../lib/gcc/arm-none-eabi/10.3.1/thumb/v7e-m+fp/hard/crtend.o
LOAD c:/st/stm32cubeide_1.10.1/stm32cubeide/plugins/com.st.stm32cube.ide.mcu.externaltools.gnu-tools-for-stm32.10.3-2021.10.win32_1.0.200.202301161003/tools/bin/../lib/gcc/arm-none-eabi/10.3.1/thumb/v7e-m+fp/hard/crtn.o
                0x0000000020020000                _estack = (ORIGIN (RAM) + LENGTH (RAM))
                0x0000000000000200                _Min_Heap_Size = 0x200
                0x0000000000000400                _Min_Stack_Size = 0x400

.isr_vector     0x0000000008000000      0x188
                0x0000000008000000                . = ALIGN (0x4)
 *(.isr_vector)
 .isr_vector    0x0000000008000000      0x188 ./Core/Startup/startup_stm32f407vgtx.o
                0x0000000008000000                g_pfnVectors
                0x0000000008000188                . = ALIGN (0x4)

.text           0x0000000008000190     0xa598
                0x0000000008000190                . = ALIGN (0x4)
 *(.text)
 .text          0x0000000008000190       0x40 c:/st/stm32cubeide_1.10.1/stm32cubeide/plugins/com.st.stm32cube.ide.mcu.externaltools.gnu-tools-for-stm32.10.3-2021.10.win32_1.0.200.202301161003/tools/bin/../lib/gcc/arm-none-eabi/10.3.1/thumb/v7e-m+fp/hard/crtbegin.o
 .text          0x00000000080001d0       0x10 c:/st/stm32cubeide_1.10.1/stm32cubeide/plugins/com.st.stm32cube.ide.mcu.externaltools.gnu-tools-for-stm32.10.3-2021.10.win32_1.0.200.202301161003/tools/bin/../lib/gcc/arm-none-eabi/10.3.1/../../../../arm-none-eabi/lib/thumb/v7e-m+fp/hard\libc_nano.a(lib_a-strlen.o)
                0x00000000080001d0                strlen
 .text          0x00000000080001e0       0xa0 c:/st/stm32cubeide_1.10.1/stm32cubeide/plugins/com.st.stm32cube.ide.mcu.externaltools.gnu-tools-for-stm32.10.3-2021.10.win32_1.0.200.202301161003/tools/bin/../lib/gcc/arm-none-eabi/10.3.1/../../../../arm-none-eabi/lib/thumb/v7e-m+fp/hard\libc_nano.a(lib_a-memchr.o)
                0x00000000080001e0                memchr
 .text          0x0000000008000280      0x378 c:/st/stm32cubeide_1.10.1/stm32cubeide/plugins/com.st.stm32cube.ide.mcu.externaltools.gnu-tools-for-stm32.10.3-2021.10.win32_1.0.200.202301161003/tools/bin/../lib/gcc/arm-none-eabi/10.3.1/thumb/v7e-m+fp/hard\libgcc.a(_arm_addsubdf3.o)
                0x0000000008000280                __aeabi_drsub
                0x0000000008000288                __aeabi_dsub
                0x0000000008000288                __subdf3
                0x000000000800028c                __aeabi_dadd
                0x000000000800028c                __adddf3
                0x0000000008000504                __floatunsidf
                0x0000000008000504                __aeabi_ui2d
                0x0000000008000524                __floatsidf
                0x0000000008000524                __aeabi_i2d
                0x0000000008000548                __aeabi_f2d
                0x0000000008000548                __extendsfdf2
                0x000000000800058c                __floatundidf
                0x000000000800058c                __aeabi_ul2d
                0x000000000800059c                __floatdidf
                0x000000000800059c                __aeabi_l2d
 .text          0x00000000080005f8      0x424 c:/st/stm32cubeide_1.10.1/stm32cubeide/plugins/com.st.stm32cube.ide.mcu.externaltools.gnu-tools-for-stm32.10.3-2021.10.win32_1.0.200.202301161003/tools/bin/../lib/gcc/arm-none-eabi/10.3.1/thumb/v7e-m+fp/hard\libgcc.a(_arm_muldivdf3.o)
                0x00000000080005f8                __aeabi_dmul
                0x00000000080005f8                __muldf3
                0x000000000800084c                __divdf3
                0x000000000800084c                __aeabi_ddiv
 .text          0x0000000008000a1c      0x110 c:/st/stm32cubeide_1.10.1/stm32cubeide/plugins/com.st.stm32cube.ide.mcu.externaltools.gnu-tools-for-stm32.10.3-2021.10.win32_1.0.200.202301161003/tools/bin/../lib/gcc/arm-none-eabi/10.3.1/thumb/v7e-m+fp/hard\libgcc.a(_arm_cmpdf2.o)
                0x0000000008000a1c                __gtdf2
                0x0000000008000a1c                __gedf2
                0x0000000008000a24                __ltdf2
                0x0000000008000a24                __ledf2
                0x0000000008000a2c                __nedf2
                0x0000000008000a2c                __eqdf2
                0x0000000008000a2c                __cmpdf2
                0x0000000008000aa8                __aeabi_cdrcmple
                0x0000000008000ab8                __aeabi_cdcmpeq
                0x0000000008000ab8                __aeabi_cdcmple
                0x0000000008000ac8                __aeabi_dcmpeq
                0x0000000008000adc                __aeabi_dcmplt
                0x0000000008000af0                __aeabi_dcmple
                0x0000000008000b04                __aeabi_dcmpge
                0x0000000008000b18                __aeabi_dcmpgt
 .text          0x0000000008000b2c       0x2c c:/st/stm32cubeide_1.10.1/stm32cubeide/plugins/com.st.stm32cube.ide.mcu.externaltools.gnu-tools-for-stm32.10.3-2021.10.win32_1.0.200.202301161003/tools/bin/../lib/gcc/arm-none-eabi/10.3.1/thumb/v7e-m+fp/hard\libgcc.a(_arm_unorddf2.o)
                0x0000000008000b2c                __unorddf2
                0x0000000008000b2c                __aeabi_dcmpun
 .text          0x0000000008000b58       0x50 c:/st/stm32cubeide_1.10.1/stm32cubeide/plugins/com.st.stm32cube.ide.mcu.externaltools.gnu-tools-for-stm32.10.3-2021.10.win32_1.0.200.202301161003/tools/bin/../lib/gcc/arm-none-eabi/10.3.1/thumb/v7e-m+fp/hard\libgcc.a(_arm_fixdfsi.o)
                0x0000000008000b58                __aeabi_d2iz
                0x0000000008000b58                __fixdfsi
 .text          0x0000000008000ba8       0x30 c:/st/stm32cubeide_1.10.1/stm32cubeide/plugins/com.st.stm32cube.ide.mcu.externaltools.gnu-tools-for-stm32.10.3-2021.10.win32_1.0.200.202301161003/tools/bin/../lib/gcc/arm-none-eabi/10.3.1/thumb/v7e-m+fp/hard\libgcc.a(_aeabi_uldivmod.o)
                0x0000000008000ba8                __aeabi_uldivmod
 .text          0x0000000008000bd8      0x2d0 c:/st/stm32cubeide_1.10.1/stm32cubeide/plugins/com.st.stm32cube.ide.mcu.externaltools.gnu-tools-for-stm32.10.3-2021.10.win32_1.0.200.202301161003/tools/bin/../lib/gcc/arm-none-eabi/10.3.1/thumb/v7e-m+fp/hard\libgcc.a(_udivmoddi4.o)
                0x0000000008000bd8                __udivmoddi4
 .text          0x0000000008000ea8        0x4 c:/st/stm32cubeide_1.10.1/stm32cubeide/plugins/com.st.stm32cube.ide.mcu.externaltools.gnu-tools-for-stm32.10.3-2021.10.win32_1.0.200.202301161003/tools/bin/../lib/gcc/arm-none-eabi/10.3.1/thumb/v7e-m+fp/hard\libgcc.a(_dvmd_tls.o)
                0x0000000008000ea8                __aeabi_idiv0
                0x0000000008000ea8                __aeabi_ldiv0
 *(.text*)
 .text._ZnwjPv  0x0000000008000eac       0x18 ./Core/Src/main.o
                0x0000000008000eac                operator new(unsigned int, void*)
 .text._ZNSt9_Any_data9_M_accessEv
                0x0000000008000ec4       0x16 ./Core/Src/main.o
                0x0000000008000ec4                std::_Any_data::_M_access()
 .text._ZNKSt9_Any_data9_M_accessEv
                0x0000000008000eda       0x16 ./Core/Src/main.o
                0x0000000008000eda                std::_Any_data::_M_access() const
 .text._ZNSt14_Function_baseC2Ev
                0x0000000008000ef0       0x1c ./Core/Src/main.o
                0x0000000008000ef0                std::_Function_base::_Function_base()
                0x0000000008000ef0                std::_Function_base::_Function_base()
 .text._ZNSt14_Function_baseD2Ev
                0x0000000008000f0c       0x26 ./Core/Src/main.o
                0x0000000008000f0c                std::_Function_base::~_Function_base()
                0x0000000008000f0c                std::_Function_base::~_Function_base()
 *fill*         0x0000000008000f32        0x2 
 .text.main     0x0000000008000f34       0x88 ./Core/Src/main.o
                0x0000000008000f34                main
 .text._Z18SystemClock_Configv
                0x0000000008000fbc       0xe8 ./Core/Src/main.o
                0x0000000008000fbc                SystemClock_Config()
 .text._ZL12MX_GPIO_Initv
                0x00000000080010a4      0x134 ./Core/Src/main.o
 .text.HD44780UDelayUS
                0x00000000080011d8       0x60 ./Core/Src/main.o
                0x00000000080011d8                HD44780UDelayUS
 .text.ButtonEventHanler
                0x0000000008001238       0x30 ./Core/Src/main.o
                0x0000000008001238                ButtonEventHanler
 .text._ZZ10DrawScreenvENKUlR6SPointE_clES0_
                0x0000000008001268       0x30 ./Core/Src/main.o
 .text._ZNSt8functionIFvR6SPointEED2Ev
                0x0000000008001298       0x1a ./Core/Src/main.o
                0x0000000008001298                std::function<void (SPoint&)>::~function()
                0x0000000008001298                std::function<void (SPoint&)>::~function()
 *fill*         0x00000000080012b2        0x2 
 .text._Z10DrawScreenv
                0x00000000080012b4       0xd0 ./Core/Src/main.o
                0x00000000080012b4                DrawScreen()
 .text._Z19SnakeMoveControllerj
                0x0000000008001384       0x70 ./Core/Src/main.o
                0x0000000008001384                SnakeMoveController(unsigned int)
 .text._Z16RefreshSnakeTaskPv
                0x00000000080013f4       0x68 ./Core/Src/main.o
                0x00000000080013f4                RefreshSnakeTask(void*)
 .text._Z10ButtonTaskPv
                0x000000000800145c       0x68 ./Core/Src/main.o
                0x000000000800145c                ButtonTask(void*)
 .text._Z11ButtonTimerPv
                0x00000000080014c4       0x1c ./Core/Src/main.o
                0x00000000080014c4                ButtonTimer(void*)
 .text.Error_Handler
                0x00000000080014e0        0xa ./Core/Src/main.o
                0x00000000080014e0                Error_Handler
 *fill*         0x00000000080014ea        0x2 
 .text._ZNSt8functionIFvR6SPointEEC2IZ10DrawScreenvEUlS1_E_vvEET_
                0x00000000080014ec       0x54 ./Core/Src/main.o
 .text._ZNSt14_Function_base13_Base_managerIZ10DrawScreenvEUlR6SPointE_E21_M_not_empty_functionIS3_EEbRKT_
                0x0000000008001540       0x16 ./Core/Src/main.o
 .text._ZSt4moveIRZ10DrawScreenvEUlR6SPointE_EONSt16remove_referenceIT_E4typeEOS5_
                0x0000000008001556       0x16 ./Core/Src/main.o
 .text._ZNSt14_Function_base13_Base_managerIZ10DrawScreenvEUlR6SPointE_E15_M_init_functorERSt9_Any_dataOS3_
                0x000000000800156c       0x24 ./Core/Src/main.o
 .text._ZNSt17_Function_handlerIFvR6SPointEZ10DrawScreenvEUlS1_E_E9_M_invokeERKSt9_Any_dataS1_
                0x0000000008001590       0x2a ./Core/Src/main.o
 .text._ZNSt17_Function_handlerIFvR6SPointEZ10DrawScreenvEUlS1_E_E10_M_managerERSt9_Any_dataRKS5_St18_Manager_operation
                0x00000000080015ba       0x3e ./Core/Src/main.o
 .text._ZNSt14_Function_base13_Base_managerIZ10DrawScreenvEUlR6SPointE_E15_M_init_functorERSt9_Any_dataOS3_St17integral_constantIbLb1EE
                0x00000000080015f8       0x32 ./Core/Src/main.o
 .text._ZNSt14_Function_base13_Base_managerIZ10DrawScreenvEUlR6SPointE_E14_M_get_pointerERKSt9_Any_data
                0x000000000800162a       0x22 ./Core/Src/main.o
 .text._ZSt7forwardIR6SPointEOT_RNSt16remove_referenceIS2_E4typeE
                0x000000000800164c       0x16 ./Core/Src/main.o
                0x000000000800164c                SPoint& std::forward<SPoint&>(std::remove_reference<SPoint&>::type&)
 .text._ZSt10__invoke_rIvRZ10DrawScreenvEUlR6SPointE_JS1_EENSt9enable_ifIXsrSt6__and_IJSt7is_voidIT_ESt14__is_invocableIT0_JDpT1_EEEE5valueES7_E4typeEOSA_DpOSB_
                0x0000000008001662       0x2c ./Core/Src/main.o
 .text._ZNSt9_Any_data9_M_accessIPZ10DrawScreenvEUlR6SPointE_EERT_v
                0x000000000800168e       0x18 ./Core/Src/main.o
 .text._ZNSt14_Function_base13_Base_managerIZ10DrawScreenvEUlR6SPointE_E10_M_managerERSt9_Any_dataRKS5_St18_Manager_operation
                0x00000000080016a6       0x56 ./Core/Src/main.o
 .text._ZNKSt9_Any_data9_M_accessIZ10DrawScreenvEUlR6SPointE_EERKT_v
                0x00000000080016fc       0x18 ./Core/Src/main.o
 .text._ZSt11__addressofIKZ10DrawScreenvEUlR6SPointE_EPT_RS4_
                0x0000000008001714       0x16 ./Core/Src/main.o
 .text._ZSt7forwardIRZ10DrawScreenvEUlR6SPointE_EOT_RNSt16remove_referenceIS4_E4typeE
                0x000000000800172a       0x16 ./Core/Src/main.o
 .text._ZSt13__invoke_implIvRZ10DrawScreenvEUlR6SPointE_JS1_EET_St14__invoke_otherOT0_DpOT1_
                0x0000000008001740       0x2c ./Core/Src/main.o
 .text._ZNSt14_Function_base13_Base_managerIZ10DrawScreenvEUlR6SPointE_E8_M_cloneERSt9_Any_dataRKS5_St17integral_constantIbLb1EE
                0x000000000800176c       0x32 ./Core/Src/main.o
 .text._ZNSt14_Function_base13_Base_managerIZ10DrawScreenvEUlR6SPointE_E10_M_destroyERSt9_Any_dataSt17integral_constantIbLb1EE
                0x000000000800179e       0x18 ./Core/Src/main.o
 .text._ZNSt9_Any_data9_M_accessIZ10DrawScreenvEUlR6SPointE_EERT_v
                0x00000000080017b6       0x18 ./Core/Src/main.o
 *fill*         0x00000000080017ce        0x2 
 .text.HAL_MspInit
                0x00000000080017d0       0x58 ./Core/Src/stm32f4xx_hal_msp.o
                0x00000000080017d0                HAL_MspInit
 .text.NMI_Handler
                0x0000000008001828        0x6 ./Core/Src/stm32f4xx_it.o
                0x0000000008001828                NMI_Handler
 .text.HardFault_Handler
                0x000000000800182e        0x6 ./Core/Src/stm32f4xx_it.o
                0x000000000800182e                HardFault_Handler
 .text.MemManage_Handler
                0x0000000008001834        0x6 ./Core/Src/stm32f4xx_it.o
                0x0000000008001834                MemManage_Handler
 .text.BusFault_Handler
                0x000000000800183a        0x6 ./Core/Src/stm32f4xx_it.o
                0x000000000800183a                BusFault_Handler
 .text.UsageFault_Handler
                0x0000000008001840        0x6 ./Core/Src/stm32f4xx_it.o
                0x0000000008001840                UsageFault_Handler
 .text.DebugMon_Handler
                0x0000000008001846        0xe ./Core/Src/stm32f4xx_it.o
                0x0000000008001846                DebugMon_Handler
 .text.SysTick_Handler
                0x0000000008001854       0x1a ./Core/Src/stm32f4xx_it.o
                0x0000000008001854                SysTick_Handler
 .text._getpid  0x000000000800186e       0x10 ./Core/Src/syscalls.o
                0x000000000800186e                _getpid
 .text._kill    0x000000000800187e       0x20 ./Core/Src/syscalls.o
                0x000000000800187e                _kill
 .text._exit    0x000000000800189e       0x14 ./Core/Src/syscalls.o
                0x000000000800189e                _exit
 .text._read    0x00000000080018b2       0x3a ./Core/Src/syscalls.o
                0x00000000080018b2                _read
 .text._write   0x00000000080018ec       0x38 ./Core/Src/syscalls.o
                0x00000000080018ec                _write
 .text._close   0x0000000008001924       0x18 ./Core/Src/syscalls.o
                0x0000000008001924                _close
 .text._fstat   0x000000000800193c       0x20 ./Core/Src/syscalls.o
                0x000000000800193c                _fstat
 .text._isatty  0x000000000800195c       0x16 ./Core/Src/syscalls.o
                0x000000000800195c                _isatty
 .text._lseek   0x0000000008001972       0x1a ./Core/Src/syscalls.o
                0x0000000008001972                _lseek
 .text._sbrk    0x000000000800198c       0x6c ./Core/Src/sysmem.o
                0x000000000800198c                _sbrk
 .text.SystemInit
                0x00000000080019f8       0x24 ./Core/Src/system_stm32f4xx.o
                0x00000000080019f8                SystemInit
 .text.Reset_Handler
                0x0000000008001a1c       0x50 ./Core/Startup/startup_stm32f407vgtx.o
                0x0000000008001a1c                Reset_Handler
 .text.Default_Handler
                0x0000000008001a6c        0x2 ./Core/Startup/startup_stm32f407vgtx.o
                0x0000000008001a6c                RTC_Alarm_IRQHandler
                0x0000000008001a6c                HASH_RNG_IRQHandler
                0x0000000008001a6c                EXTI2_IRQHandler
                0x0000000008001a6c                TIM8_CC_IRQHandler
                0x0000000008001a6c                TIM1_CC_IRQHandler
                0x0000000008001a6c                DMA2_Stream5_IRQHandler
                0x0000000008001a6c                DMA1_Stream5_IRQHandler
                0x0000000008001a6c                PVD_IRQHandler
                0x0000000008001a6c                SDIO_IRQHandler
                0x0000000008001a6c                TAMP_STAMP_IRQHandler
                0x0000000008001a6c                CAN2_RX1_IRQHandler
                0x0000000008001a6c                EXTI3_IRQHandler
                0x0000000008001a6c                TIM8_TRG_COM_TIM14_IRQHandler
                0x0000000008001a6c                TIM1_UP_TIM10_IRQHandler
                0x0000000008001a6c                TIM8_UP_TIM13_IRQHandler
                0x0000000008001a6c                I2C3_ER_IRQHandler
                0x0000000008001a6c                EXTI0_IRQHandler
                0x0000000008001a6c                I2C2_EV_IRQHandler
                0x0000000008001a6c                DMA1_Stream2_IRQHandler
                0x0000000008001a6c                CAN1_RX0_IRQHandler
                0x0000000008001a6c                FPU_IRQHandler
                0x0000000008001a6c                OTG_HS_WKUP_IRQHandler
                0x0000000008001a6c                CAN2_SCE_IRQHandler
                0x0000000008001a6c                DMA2_Stream2_IRQHandler
                0x0000000008001a6c                SPI1_IRQHandler
                0x0000000008001a6c                TIM6_DAC_IRQHandler
                0x0000000008001a6c                TIM1_BRK_TIM9_IRQHandler
                0x0000000008001a6c                DCMI_IRQHandler
                0x0000000008001a6c                CAN2_RX0_IRQHandler
                0x0000000008001a6c                DMA2_Stream3_IRQHandler
                0x0000000008001a6c                USART6_IRQHandler
                0x0000000008001a6c                USART3_IRQHandler
                0x0000000008001a6c                CAN1_RX1_IRQHandler
                0x0000000008001a6c                UART5_IRQHandler
                0x0000000008001a6c                DMA2_Stream0_IRQHandler
                0x0000000008001a6c                TIM4_IRQHandler
                0x0000000008001a6c                I2C1_EV_IRQHandler
                0x0000000008001a6c                DMA1_Stream6_IRQHandler
                0x0000000008001a6c                DMA1_Stream1_IRQHandler
                0x0000000008001a6c                UART4_IRQHandler
                0x0000000008001a6c                TIM3_IRQHandler
                0x0000000008001a6c                RCC_IRQHandler
                0x0000000008001a6c                TIM8_BRK_TIM12_IRQHandler
                0x0000000008001a6c                Default_Handler
                0x0000000008001a6c                EXTI15_10_IRQHandler
                0x0000000008001a6c                ADC_IRQHandler
                0x0000000008001a6c                DMA1_Stream7_IRQHandler
                0x0000000008001a6c                TIM7_IRQHandler
                0x0000000008001a6c                CAN2_TX_IRQHandler
                0x0000000008001a6c                TIM5_IRQHandler
                0x0000000008001a6c                DMA2_Stream7_IRQHandler
                0x0000000008001a6c                I2C3_EV_IRQHandler
                0x0000000008001a6c                EXTI9_5_IRQHandler
                0x0000000008001a6c                RTC_WKUP_IRQHandler
                0x0000000008001a6c                ETH_WKUP_IRQHandler
                0x0000000008001a6c                SPI2_IRQHandler
                0x0000000008001a6c                OTG_HS_EP1_IN_IRQHandler
                0x0000000008001a6c                DMA1_Stream0_IRQHandler
                0x0000000008001a6c                CAN1_TX_IRQHandler
                0x0000000008001a6c                EXTI4_IRQHandler
                0x0000000008001a6c                FSMC_IRQHandler
                0x0000000008001a6c                ETH_IRQHandler
                0x0000000008001a6c                OTG_HS_EP1_OUT_IRQHandler
                0x0000000008001a6c                WWDG_IRQHandler
                0x0000000008001a6c                TIM2_IRQHandler
                0x0000000008001a6c                OTG_FS_WKUP_IRQHandler
                0x0000000008001a6c                TIM1_TRG_COM_TIM11_IRQHandler
                0x0000000008001a6c                OTG_HS_IRQHandler
                0x0000000008001a6c                EXTI1_IRQHandler
                0x0000000008001a6c                USART2_IRQHandler
                0x0000000008001a6c                I2C2_ER_IRQHandler
                0x0000000008001a6c                DMA2_Stream1_IRQHandler
                0x0000000008001a6c                CAN1_SCE_IRQHandler
                0x0000000008001a6c                FLASH_IRQHandler
                0x0000000008001a6c                DMA2_Stream4_IRQHandler
                0x0000000008001a6c                USART1_IRQHandler
                0x0000000008001a6c                OTG_FS_IRQHandler
                0x0000000008001a6c                SPI3_IRQHandler
                0x0000000008001a6c                DMA1_Stream4_IRQHandler
                0x0000000008001a6c                I2C1_ER_IRQHandler
                0x0000000008001a6c                DMA2_Stream6_IRQHandler
                0x0000000008001a6c                DMA1_Stream3_IRQHandler
 .text.ButtonHandlerInit
                0x0000000008001a6e       0x50 ./CustomDrivers/ButtonDriver/button_driver.o
                0x0000000008001a6e                ButtonHandlerInit
 .text.ButtonHandlerReset
                0x0000000008001abe       0x20 ./CustomDrivers/ButtonDriver/button_driver.o
                0x0000000008001abe                ButtonHandlerReset
 .text.ButtonHandler
                0x0000000008001ade       0xf8 ./CustomDrivers/ButtonDriver/button_driver.o
                0x0000000008001ade                ButtonHandler
 .text.GPIORead
                0x0000000008001bd6       0x2c ./CustomDrivers/GPIO/gpio.o
                0x0000000008001bd6                GPIORead
 .text.GPIOWrite
                0x0000000008001c02       0x2e ./CustomDrivers/GPIO/gpio.o
                0x0000000008001c02                GPIOWrite
 .text.GPIOWriteArray
                0x0000000008001c30       0x50 ./CustomDrivers/GPIO/gpio.o
                0x0000000008001c30                GPIOWriteArray
 .text.SendHalfByte
                0x0000000008001c80       0x4e ./CustomDrivers/HD44780U/hd44780u.o
 .text.SendByte
                0x0000000008001cce       0x2c ./CustomDrivers/HD44780U/hd44780u.o
 .text.WriteInstructionWithDelay
                0x0000000008001cfa       0x44 ./CustomDrivers/HD44780U/hd44780u.o
 .text.WriteData
                0x0000000008001d3e       0x3c ./CustomDrivers/HD44780U/hd44780u.o
 .text.HD44780USetPosition
                0x0000000008001d7a       0x42 ./CustomDrivers/HD44780U/hd44780u.o
                0x0000000008001d7a                HD44780USetPosition
 .text.HD44780UWriteString
                0x0000000008001dbc       0x1c ./CustomDrivers/HD44780U/hd44780u.o
                0x0000000008001dbc                HD44780UWriteString
 .text.HD44780UWriteStringWithOffset
                0x0000000008001dd8       0x5c ./CustomDrivers/HD44780U/hd44780u.o
                0x0000000008001dd8                HD44780UWriteStringWithOffset
 .text.HD44780UClear
                0x0000000008001e34       0x1c ./CustomDrivers/HD44780U/hd44780u.o
                0x0000000008001e34                HD44780UClear
 .text.HD44780UReturnHome
                0x0000000008001e50       0x1c ./CustomDrivers/HD44780U/hd44780u.o
                0x0000000008001e50                HD44780UReturnHome
 .text.HD44780USetCursor
                0x0000000008001e6c       0x4c ./CustomDrivers/HD44780U/hd44780u.o
                0x0000000008001e6c                HD44780USetCursor
 .text.HD44780USetEntryMode
                0x0000000008001eb8       0x1a ./CustomDrivers/HD44780U/hd44780u.o
                0x0000000008001eb8                HD44780USetEntryMode
 .text.HD44780UInit
                0x0000000008001ed2       0x6a ./CustomDrivers/HD44780U/hd44780u.o
                0x0000000008001ed2                HD44780UInit
 .text.HAL_Init
                0x0000000008001f3c       0x44 ./Drivers/STM32F4xx_HAL_Driver/Src/stm32f4xx_hal.o
                0x0000000008001f3c                HAL_Init
 .text.HAL_InitTick
                0x0000000008001f80       0x60 ./Drivers/STM32F4xx_HAL_Driver/Src/stm32f4xx_hal.o
                0x0000000008001f80                HAL_InitTick
 .text.HAL_IncTick
                0x0000000008001fe0       0x28 ./Drivers/STM32F4xx_HAL_Driver/Src/stm32f4xx_hal.o
                0x0000000008001fe0                HAL_IncTick
 .text.HAL_GetTick
                0x0000000008002008       0x18 ./Drivers/STM32F4xx_HAL_Driver/Src/stm32f4xx_hal.o
                0x0000000008002008                HAL_GetTick
 .text.__NVIC_SetPriorityGrouping
                0x0000000008002020       0x48 ./Drivers/STM32F4xx_HAL_Driver/Src/stm32f4xx_hal_cortex.o
 .text.__NVIC_GetPriorityGrouping
                0x0000000008002068       0x1c ./Drivers/STM32F4xx_HAL_Driver/Src/stm32f4xx_hal_cortex.o
 .text.__NVIC_SetPriority
                0x0000000008002084       0x54 ./Drivers/STM32F4xx_HAL_Driver/Src/stm32f4xx_hal_cortex.o
 .text.NVIC_EncodePriority
                0x00000000080020d8       0x66 ./Drivers/STM32F4xx_HAL_Driver/Src/stm32f4xx_hal_cortex.o
 *fill*         0x000000000800213e        0x2 
 .text.SysTick_Config
                0x0000000008002140       0x44 ./Drivers/STM32F4xx_HAL_Driver/Src/stm32f4xx_hal_cortex.o
 .text.HAL_NVIC_SetPriorityGrouping
                0x0000000008002184       0x16 ./Drivers/STM32F4xx_HAL_Driver/Src/stm32f4xx_hal_cortex.o
                0x0000000008002184                HAL_NVIC_SetPriorityGrouping
 .text.HAL_NVIC_SetPriority
                0x000000000800219a       0x38 ./Drivers/STM32F4xx_HAL_Driver/Src/stm32f4xx_hal_cortex.o
                0x000000000800219a                HAL_NVIC_SetPriority
 .text.HAL_SYSTICK_Config
                0x00000000080021d2       0x18 ./Drivers/STM32F4xx_HAL_Driver/Src/stm32f4xx_hal_cortex.o
                0x00000000080021d2                HAL_SYSTICK_Config
 *fill*         0x00000000080021ea        0x2 
 .text.HAL_GPIO_Init
                0x00000000080021ec      0x338 ./Drivers/STM32F4xx_HAL_Driver/Src/stm32f4xx_hal_gpio.o
                0x00000000080021ec                HAL_GPIO_Init
 .text.HAL_GPIO_ReadPin
                0x0000000008002524       0x30 ./Drivers/STM32F4xx_HAL_Driver/Src/stm32f4xx_hal_gpio.o
                0x0000000008002524                HAL_GPIO_ReadPin
 .text.HAL_GPIO_WritePin
                0x0000000008002554       0x32 ./Drivers/STM32F4xx_HAL_Driver/Src/stm32f4xx_hal_gpio.o
                0x0000000008002554                HAL_GPIO_WritePin
 *fill*         0x0000000008002586        0x2 
 .text.HAL_RCC_OscConfig
                0x0000000008002588      0x4f0 ./Drivers/STM32F4xx_HAL_Driver/Src/stm32f4xx_hal_rcc.o
                0x0000000008002588                HAL_RCC_OscConfig
 .text.HAL_RCC_ClockConfig
                0x0000000008002a78      0x1cc ./Drivers/STM32F4xx_HAL_Driver/Src/stm32f4xx_hal_rcc.o
                0x0000000008002a78                HAL_RCC_ClockConfig
 .text.HAL_RCC_GetSysClockFreq
                0x0000000008002c44      0x20c ./Drivers/STM32F4xx_HAL_Driver/Src/stm32f4xx_hal_rcc.o
                0x0000000008002c44                HAL_RCC_GetSysClockFreq
 .text.__NVIC_SetPriority
                0x0000000008002e50       0x54 ./Middlewares/Third_Party/FreeRTOS/Source/CMSIS_RTOS_V2/cmsis_os2.o
 .text.SVC_Setup
                0x0000000008002ea4       0x12 ./Middlewares/Third_Party/FreeRTOS/Source/CMSIS_RTOS_V2/cmsis_os2.o
 *fill*         0x0000000008002eb6        0x2 
 .text.osKernelInitialize
                0x0000000008002eb8       0x48 ./Middlewares/Third_Party/FreeRTOS/Source/CMSIS_RTOS_V2/cmsis_os2.o
                0x0000000008002eb8                osKernelInitialize
 .text.osKernelStart
                0x0000000008002f00       0x4c ./Middlewares/Third_Party/FreeRTOS/Source/CMSIS_RTOS_V2/cmsis_os2.o
                0x0000000008002f00                osKernelStart
 .text.osKernelGetTickCount
                0x0000000008002f4c       0x2a ./Middlewares/Third_Party/FreeRTOS/Source/CMSIS_RTOS_V2/cmsis_os2.o
                0x0000000008002f4c                osKernelGetTickCount
 *fill*         0x0000000008002f76        0x2 
 .text.OS_Tick_GetCount
                0x0000000008002f78       0x24 ./Middlewares/Third_Party/FreeRTOS/Source/CMSIS_RTOS_V2/cmsis_os2.o
 .text.OS_Tick_GetOverflow
                0x0000000008002f9c       0x1c ./Middlewares/Third_Party/FreeRTOS/Source/CMSIS_RTOS_V2/cmsis_os2.o
 .text.OS_Tick_GetInterval
                0x0000000008002fb8       0x18 ./Middlewares/Third_Party/FreeRTOS/Source/CMSIS_RTOS_V2/cmsis_os2.o
 .text.osKernelGetSysTimerCount
                0x0000000008002fd0       0x72 ./Middlewares/Third_Party/FreeRTOS/Source/CMSIS_RTOS_V2/cmsis_os2.o
                0x0000000008002fd0                osKernelGetSysTimerCount
 .text.osThreadNew
                0x0000000008003042      0x124 ./Middlewares/Third_Party/FreeRTOS/Source/CMSIS_RTOS_V2/cmsis_os2.o
                0x0000000008003042                osThreadNew
 .text.osDelay  0x0000000008003166       0x36 ./Middlewares/Third_Party/FreeRTOS/Source/CMSIS_RTOS_V2/cmsis_os2.o
                0x0000000008003166                osDelay
 .text.osDelayUntil
                0x000000000800319c       0x5a ./Middlewares/Third_Party/FreeRTOS/Source/CMSIS_RTOS_V2/cmsis_os2.o
                0x000000000800319c                osDelayUntil
 .text.TimerCallback
                0x00000000080031f6       0x2a ./Middlewares/Third_Party/FreeRTOS/Source/CMSIS_RTOS_V2/cmsis_os2.o
 .text.osTimerNew
                0x0000000008003220       0xf8 ./Middlewares/Third_Party/FreeRTOS/Source/CMSIS_RTOS_V2/cmsis_os2.o
                0x0000000008003220                osTimerNew
 .text.osTimerStart
                0x0000000008003318       0x5c ./Middlewares/Third_Party/FreeRTOS/Source/CMSIS_RTOS_V2/cmsis_os2.o
                0x0000000008003318                osTimerStart
 .text.osMutexNew
                0x0000000008003374      0x10c ./Middlewares/Third_Party/FreeRTOS/Source/CMSIS_RTOS_V2/cmsis_os2.o
                0x0000000008003374                osMutexNew
 .text.osMutexAcquire
                0x0000000008003480       0x96 ./Middlewares/Third_Party/FreeRTOS/Source/CMSIS_RTOS_V2/cmsis_os2.o
                0x0000000008003480                osMutexAcquire
 .text.osMutexRelease
                0x0000000008003516       0x7a ./Middlewares/Third_Party/FreeRTOS/Source/CMSIS_RTOS_V2/cmsis_os2.o
                0x0000000008003516                osMutexRelease
 .text.osMessageQueueNew
                0x0000000008003590       0xe6 ./Middlewares/Third_Party/FreeRTOS/Source/CMSIS_RTOS_V2/cmsis_os2.o
                0x0000000008003590                osMessageQueueNew
 *fill*         0x0000000008003676        0x2 
 .text.osMessageQueuePut
                0x0000000008003678       0xc0 ./Middlewares/Third_Party/FreeRTOS/Source/CMSIS_RTOS_V2/cmsis_os2.o
                0x0000000008003678                osMessageQueuePut
 .text.osMessageQueueGet
                0x0000000008003738       0xbc ./Middlewares/Third_Party/FreeRTOS/Source/CMSIS_RTOS_V2/cmsis_os2.o
                0x0000000008003738                osMessageQueueGet
 .text.vApplicationGetIdleTaskMemory
                0x00000000080037f4       0x34 ./Middlewares/Third_Party/FreeRTOS/Source/CMSIS_RTOS_V2/cmsis_os2.o
                0x00000000080037f4                vApplicationGetIdleTaskMemory
 .text.vApplicationGetTimerTaskMemory
                0x0000000008003828       0x34 ./Middlewares/Third_Party/FreeRTOS/Source/CMSIS_RTOS_V2/cmsis_os2.o
                0x0000000008003828                vApplicationGetTimerTaskMemory
 .text.vListInitialise
                0x000000000800385c       0x40 ./Middlewares/Third_Party/FreeRTOS/Source/list.o
                0x000000000800385c                vListInitialise
 .text.vListInitialiseItem
                0x000000000800389c       0x1a ./Middlewares/Third_Party/FreeRTOS/Source/list.o
                0x000000000800389c                vListInitialiseItem
 .text.vListInsertEnd
                0x00000000080038b6       0x48 ./Middlewares/Third_Party/FreeRTOS/Source/list.o
                0x00000000080038b6                vListInsertEnd
 .text.vListInsert
                0x00000000080038fe       0x72 ./Middlewares/Third_Party/FreeRTOS/Source/list.o
                0x00000000080038fe                vListInsert
 .text.uxListRemove
                0x0000000008003970       0x54 ./Middlewares/Third_Party/FreeRTOS/Source/list.o
                0x0000000008003970                uxListRemove
 .text.xQueueGenericReset
                0x00000000080039c4       0xd0 ./Middlewares/Third_Party/FreeRTOS/Source/queue.o
                0x00000000080039c4                xQueueGenericReset
 .text.xQueueGenericCreateStatic
                0x0000000008003a94       0xf0 ./Middlewares/Third_Party/FreeRTOS/Source/queue.o
                0x0000000008003a94                xQueueGenericCreateStatic
 .text.xQueueGenericCreate
                0x0000000008003b84       0x74 ./Middlewares/Third_Party/FreeRTOS/Source/queue.o
                0x0000000008003b84                xQueueGenericCreate
 .text.prvInitialiseNewQueue
                0x0000000008003bf8       0x46 ./Middlewares/Third_Party/FreeRTOS/Source/queue.o
 .text.prvInitialiseMutex
                0x0000000008003c3e       0x34 ./Middlewares/Third_Party/FreeRTOS/Source/queue.o
 .text.xQueueCreateMutex
                0x0000000008003c72       0x30 ./Middlewares/Third_Party/FreeRTOS/Source/queue.o
                0x0000000008003c72                xQueueCreateMutex
 .text.xQueueCreateMutexStatic
                0x0000000008003ca2       0x36 ./Middlewares/Third_Party/FreeRTOS/Source/queue.o
                0x0000000008003ca2                xQueueCreateMutexStatic
 .text.xQueueGiveMutexRecursive
                0x0000000008003cd8       0x68 ./Middlewares/Third_Party/FreeRTOS/Source/queue.o
                0x0000000008003cd8                xQueueGiveMutexRecursive
 .text.xQueueTakeMutexRecursive
                0x0000000008003d40       0x6c ./Middlewares/Third_Party/FreeRTOS/Source/queue.o
                0x0000000008003d40                xQueueTakeMutexRecursive
 .text.xQueueGenericSend
                0x0000000008003dac      0x1fc ./Middlewares/Third_Party/FreeRTOS/Source/queue.o
                0x0000000008003dac                xQueueGenericSend
 .text.xQueueGenericSendFromISR
                0x0000000008003fa8      0x136 ./Middlewares/Third_Party/FreeRTOS/Source/queue.o
                0x0000000008003fa8                xQueueGenericSendFromISR
 *fill*         0x00000000080040de        0x2 
 .text.xQueueReceive
                0x00000000080040e0      0x1c0 ./Middlewares/Third_Party/FreeRTOS/Source/queue.o
                0x00000000080040e0                xQueueReceive
 .text.xQueueSemaphoreTake
                0x00000000080042a0      0x218 ./Middlewares/Third_Party/FreeRTOS/Source/queue.o
                0x00000000080042a0                xQueueSemaphoreTake
 .text.xQueueReceiveFromISR
                0x00000000080044b8      0x100 ./Middlewares/Third_Party/FreeRTOS/Source/queue.o
                0x00000000080044b8                xQueueReceiveFromISR
 .text.prvGetDisinheritPriorityAfterTimeout
                0x00000000080045b8       0x30 ./Middlewares/Third_Party/FreeRTOS/Source/queue.o
 .text.prvCopyDataToQueue
                0x00000000080045e8       0xd4 ./Middlewares/Third_Party/FreeRTOS/Source/queue.o
 .text.prvCopyDataFromQueue
                0x00000000080046bc       0x4c ./Middlewares/Third_Party/FreeRTOS/Source/queue.o
 .text.prvUnlockQueue
                0x0000000008004708       0xa4 ./Middlewares/Third_Party/FreeRTOS/Source/queue.o
 .text.prvIsQueueEmpty
                0x00000000080047ac       0x2c ./Middlewares/Third_Party/FreeRTOS/Source/queue.o
 .text.prvIsQueueFull
                0x00000000080047d8       0x30 ./Middlewares/Third_Party/FreeRTOS/Source/queue.o
 .text.vQueueAddToRegistry
                0x0000000008004808       0x54 ./Middlewares/Third_Party/FreeRTOS/Source/queue.o
                0x0000000008004808                vQueueAddToRegistry
 .text.vQueueWaitForMessageRestricted
                0x000000000800485c       0x68 ./Middlewares/Third_Party/FreeRTOS/Source/queue.o
                0x000000000800485c                vQueueWaitForMessageRestricted
 .text.xTaskCreateStatic
                0x00000000080048c4       0xba ./Middlewares/Third_Party/FreeRTOS/Source/tasks.o
                0x00000000080048c4                xTaskCreateStatic
 .text.xTaskCreate
                0x000000000800497e       0x8a ./Middlewares/Third_Party/FreeRTOS/Source/tasks.o
                0x000000000800497e                xTaskCreate
 .text.prvInitialiseNewTask
                0x0000000008004a08      0x11e ./Middlewares/Third_Party/FreeRTOS/Source/tasks.o
 *fill*         0x0000000008004b26        0x2 
 .text.prvAddNewTaskToReadyList
                0x0000000008004b28       0xe0 ./Middlewares/Third_Party/FreeRTOS/Source/tasks.o
 .text.vTaskDelayUntil
                0x0000000008004c08       0xfc ./Middlewares/Third_Party/FreeRTOS/Source/tasks.o
                0x0000000008004c08                vTaskDelayUntil
 .text.vTaskDelay
                0x0000000008004d04       0x68 ./Middlewares/Third_Party/FreeRTOS/Source/tasks.o
                0x0000000008004d04                vTaskDelay
 .text.vTaskStartScheduler
                0x0000000008004d6c       0xcc ./Middlewares/Third_Party/FreeRTOS/Source/tasks.o
                0x0000000008004d6c                vTaskStartScheduler
 .text.vTaskSuspendAll
                0x0000000008004e38       0x1c ./Middlewares/Third_Party/FreeRTOS/Source/tasks.o
                0x0000000008004e38                vTaskSuspendAll
 .text.xTaskResumeAll
                0x0000000008004e54      0x13c ./Middlewares/Third_Party/FreeRTOS/Source/tasks.o
                0x0000000008004e54                xTaskResumeAll
 .text.xTaskGetTickCount
                0x0000000008004f90       0x20 ./Middlewares/Third_Party/FreeRTOS/Source/tasks.o
                0x0000000008004f90                xTaskGetTickCount
 .text.xTaskGetTickCountFromISR
                0x0000000008004fb0       0x24 ./Middlewares/Third_Party/FreeRTOS/Source/tasks.o
                0x0000000008004fb0                xTaskGetTickCountFromISR
 .text.xTaskIncrementTick
                0x0000000008004fd4      0x174 ./Middlewares/Third_Party/FreeRTOS/Source/tasks.o
                0x0000000008004fd4                xTaskIncrementTick
 .text.vTaskSwitchContext
                0x0000000008005148       0xbc ./Middlewares/Third_Party/FreeRTOS/Source/tasks.o
                0x0000000008005148                vTaskSwitchContext
 .text.vTaskPlaceOnEventList
                0x0000000008005204       0x48 ./Middlewares/Third_Party/FreeRTOS/Source/tasks.o
                0x0000000008005204                vTaskPlaceOnEventList
 .text.vTaskPlaceOnEventListRestricted
                0x000000000800524c       0x58 ./Middlewares/Third_Party/FreeRTOS/Source/tasks.o
                0x000000000800524c                vTaskPlaceOnEventListRestricted
 .text.xTaskRemoveFromEventList
                0x00000000080052a4       0xc8 ./Middlewares/Third_Party/FreeRTOS/Source/tasks.o
                0x00000000080052a4                xTaskRemoveFromEventList
 .text.vTaskInternalSetTimeOutState
                0x000000000800536c       0x2c ./Middlewares/Third_Party/FreeRTOS/Source/tasks.o
                0x000000000800536c                vTaskInternalSetTimeOutState
 .text.xTaskCheckForTimeOut
                0x0000000008005398       0xc4 ./Middlewares/Third_Party/FreeRTOS/Source/tasks.o
                0x0000000008005398                xTaskCheckForTimeOut
 .text.vTaskMissedYield
                0x000000000800545c       0x18 ./Middlewares/Third_Party/FreeRTOS/Source/tasks.o
                0x000000000800545c                vTaskMissedYield
 .text.prvIdleTask
                0x0000000008005474       0x30 ./Middlewares/Third_Party/FreeRTOS/Source/tasks.o
 .text.prvInitialiseTaskLists
                0x00000000080054a4       0x80 ./Middlewares/Third_Party/FreeRTOS/Source/tasks.o
 .text.prvCheckTasksWaitingTermination
                0x0000000008005524       0x5c ./Middlewares/Third_Party/FreeRTOS/Source/tasks.o
 .text.prvDeleteTCB
                0x0000000008005580       0x5e ./Middlewares/Third_Party/FreeRTOS/Source/tasks.o
 *fill*         0x00000000080055de        0x2 
 .text.prvResetNextTaskUnblockTime
                0x00000000080055e0       0x40 ./Middlewares/Third_Party/FreeRTOS/Source/tasks.o
 .text.xTaskGetCurrentTaskHandle
                0x0000000008005620       0x20 ./Middlewares/Third_Party/FreeRTOS/Source/tasks.o
                0x0000000008005620                xTaskGetCurrentTaskHandle
 .text.xTaskGetSchedulerState
                0x0000000008005640       0x3c ./Middlewares/Third_Party/FreeRTOS/Source/tasks.o
                0x0000000008005640                xTaskGetSchedulerState
 .text.xTaskPriorityInherit
                0x000000000800567c       0xd0 ./Middlewares/Third_Party/FreeRTOS/Source/tasks.o
                0x000000000800567c                xTaskPriorityInherit
 .text.xTaskPriorityDisinherit
                0x000000000800574c       0xdc ./Middlewares/Third_Party/FreeRTOS/Source/tasks.o
                0x000000000800574c                xTaskPriorityDisinherit
 .text.vTaskPriorityDisinheritAfterTimeout
                0x0000000008005828      0x104 ./Middlewares/Third_Party/FreeRTOS/Source/tasks.o
                0x0000000008005828                vTaskPriorityDisinheritAfterTimeout
 .text.pvTaskIncrementMutexHeldCount
                0x000000000800592c       0x28 ./Middlewares/Third_Party/FreeRTOS/Source/tasks.o
                0x000000000800592c                pvTaskIncrementMutexHeldCount
 .text.prvAddCurrentTaskToDelayedList
                0x0000000008005954       0xa8 ./Middlewares/Third_Party/FreeRTOS/Source/tasks.o
 .text.xTimerCreateTimerTask
                0x00000000080059fc       0x90 ./Middlewares/Third_Party/FreeRTOS/Source/timers.o
                0x00000000080059fc                xTimerCreateTimerTask
 .text.xTimerCreate
                0x0000000008005a8c       0x42 ./Middlewares/Third_Party/FreeRTOS/Source/timers.o
                0x0000000008005a8c                xTimerCreate
 .text.xTimerCreateStatic
                0x0000000008005ace       0x7c ./Middlewares/Third_Party/FreeRTOS/Source/timers.o
                0x0000000008005ace                xTimerCreateStatic
 .text.prvInitialiseNewTimer
                0x0000000008005b4a       0x76 ./Middlewares/Third_Party/FreeRTOS/Source/timers.o
 .text.xTimerGenericCommand
                0x0000000008005bc0       0x9c ./Middlewares/Third_Party/FreeRTOS/Source/timers.o
                0x0000000008005bc0                xTimerGenericCommand
 .text.prvProcessExpiredTimer
                0x0000000008005c5c       0x98 ./Middlewares/Third_Party/FreeRTOS/Source/timers.o
 .text.prvTimerTask
                0x0000000008005cf4       0x24 ./Middlewares/Third_Party/FreeRTOS/Source/timers.o
 .text.prvProcessTimerOrBlockTask
                0x0000000008005d18       0x9c ./Middlewares/Third_Party/FreeRTOS/Source/timers.o
 .text.prvGetNextExpireTime
                0x0000000008005db4       0x48 ./Middlewares/Third_Party/FreeRTOS/Source/timers.o
 .text.prvSampleTimeNow
                0x0000000008005dfc       0x40 ./Middlewares/Third_Party/FreeRTOS/Source/timers.o
 .text.prvInsertTimerInActiveList
                0x0000000008005e3c       0x84 ./Middlewares/Third_Party/FreeRTOS/Source/timers.o
 .text.prvProcessReceivedCommands
                0x0000000008005ec0      0x1c4 ./Middlewares/Third_Party/FreeRTOS/Source/timers.o
 .text.prvSwitchTimerLists
                0x0000000008006084       0xc8 ./Middlewares/Third_Party/FreeRTOS/Source/timers.o
 .text.prvCheckForValidListAndQueue
                0x000000000800614c       0x80 ./Middlewares/Third_Party/FreeRTOS/Source/timers.o
 .text.pvTimerGetTimerID
                0x00000000080061cc       0x40 ./Middlewares/Third_Party/FreeRTOS/Source/timers.o
                0x00000000080061cc                pvTimerGetTimerID
 .text.pxPortInitialiseStack
                0x000000000800620c       0x68 ./Middlewares/Third_Party/FreeRTOS/Source/portable/GCC/ARM_CM4F/port.o
                0x000000000800620c                pxPortInitialiseStack
 .text.prvTaskExitError
                0x0000000008006274       0x58 ./Middlewares/Third_Party/FreeRTOS/Source/portable/GCC/ARM_CM4F/port.o
 *fill*         0x00000000080062cc        0x4 
 .text.SVC_Handler
                0x00000000080062d0       0x28 ./Middlewares/Third_Party/FreeRTOS/Source/portable/GCC/ARM_CM4F/port.o
                0x00000000080062d0                SVC_Handler
 .text.prvPortStartFirstTask
                0x00000000080062f8       0x28 ./Middlewares/Third_Party/FreeRTOS/Source/portable/GCC/ARM_CM4F/port.o
 .text.xPortStartScheduler
                0x0000000008006320      0x144 ./Middlewares/Third_Party/FreeRTOS/Source/portable/GCC/ARM_CM4F/port.o
                0x0000000008006320                xPortStartScheduler
 .text.vPortEnterCritical
                0x0000000008006464       0x60 ./Middlewares/Third_Party/FreeRTOS/Source/portable/GCC/ARM_CM4F/port.o
                0x0000000008006464                vPortEnterCritical
 .text.vPortExitCritical
                0x00000000080064c4       0x54 ./Middlewares/Third_Party/FreeRTOS/Source/portable/GCC/ARM_CM4F/port.o
                0x00000000080064c4                vPortExitCritical
 *fill*         0x0000000008006518        0x8 
 .text.PendSV_Handler
                0x0000000008006520       0x68 ./Middlewares/Third_Party/FreeRTOS/Source/portable/GCC/ARM_CM4F/port.o
                0x0000000008006520                PendSV_Handler
 .text.xPortSysTickHandler
                0x0000000008006588       0x44 ./Middlewares/Third_Party/FreeRTOS/Source/portable/GCC/ARM_CM4F/port.o
                0x0000000008006588                xPortSysTickHandler
 .text.vPortSetupTimerInterrupt
                0x00000000080065cc       0x48 ./Middlewares/Third_Party/FreeRTOS/Source/portable/GCC/ARM_CM4F/port.o
                0x00000000080065cc                vPortSetupTimerInterrupt
 .text.vPortEnableVFP
                0x0000000008006614       0x14 ./Middlewares/Third_Party/FreeRTOS/Source/portable/GCC/ARM_CM4F/port.o
 .text.vPortValidateInterruptPriority
                0x0000000008006628       0x80 ./Middlewares/Third_Party/FreeRTOS/Source/portable/GCC/ARM_CM4F/port.o
                0x0000000008006628                vPortValidateInterruptPriority
 .text.pvPortMalloc
                0x00000000080066a8      0x198 ./Middlewares/Third_Party/FreeRTOS/Source/portable/MemMang/heap_4.o
                0x00000000080066a8                pvPortMalloc
 .text.vPortFree
                0x0000000008006840       0xc4 ./Middlewares/Third_Party/FreeRTOS/Source/portable/MemMang/heap_4.o
                0x0000000008006840                vPortFree
 .text.prvHeapInit
                0x0000000008006904       0xc4 ./Middlewares/Third_Party/FreeRTOS/Source/portable/MemMang/heap_4.o
 .text.prvInsertBlockIntoFreeList
                0x00000000080069c8       0xb4 ./Middlewares/Third_Party/FreeRTOS/Source/portable/MemMang/heap_4.o
 .text._ZNSt8__detail17_List_node_headerC2Ev
                0x0000000008006a7c       0x18 ./Snake/snake.o
                0x0000000008006a7c                std::__detail::_List_node_header::_List_node_header()
                0x0000000008006a7c                std::__detail::_List_node_header::_List_node_header()
 .text._ZNSt8__detail17_List_node_header7_M_initEv
                0x0000000008006a94       0x28 ./Snake/snake.o
                0x0000000008006a94                std::__detail::_List_node_header::_M_init()
 .text._ZNKSt14_Function_base8_M_emptyEv
                0x0000000008006abc       0x22 ./Snake/snake.o
                0x0000000008006abc                std::_Function_base::_M_empty() const
 .text._ZN6SPointeqERKS_
                0x0000000008006ade       0x34 ./Snake/snake.o
                0x0000000008006ade                SPoint::operator==(SPoint const&)
 .text._ZN6SPointneERKS_
                0x0000000008006b12       0x34 ./Snake/snake.o
                0x0000000008006b12                SPoint::operator!=(SPoint const&)
 .text._ZNSt7__cxx114listI6SPointSaIS1_EED2Ev
                0x0000000008006b46       0x1a ./Snake/snake.o
                0x0000000008006b46                std::__cxx11::list<SPoint, std::allocator<SPoint> >::~list()
                0x0000000008006b46                std::__cxx11::list<SPoint, std::allocator<SPoint> >::~list()
 .text._ZL4Move14EMoveDirection6SPoint
                0x0000000008006b60       0x94 ./Snake/snake.o
 .text._Z10SnakeResetv
                0x0000000008006bf4       0x30 ./Snake/snake.o
                0x0000000008006bf4                SnakeReset()
 .text._Z9SnakeMove14EMoveDirection
                0x0000000008006c24       0xe0 ./Snake/snake.o
                0x0000000008006c24                SnakeMove(EMoveDirection)
 .text._Z17SnakeGenerateAplem
                0x0000000008006d04       0xf0 ./Snake/snake.o
                0x0000000008006d04                SnakeGenerateAple(unsigned long)
 .text._Z9DrawSnakeSt8functionIFvR6SPointEE
                0x0000000008006df4       0x74 ./Snake/snake.o
                0x0000000008006df4                DrawSnake(std::function<void (SPoint&)>)
 .text._ZNSaI6SPointEC2Ev
                0x0000000008006e68       0x18 ./Snake/snake.o
                0x0000000008006e68                std::allocator<SPoint>::allocator()
                0x0000000008006e68                std::allocator<SPoint>::allocator()
 .text._ZNSaI6SPointED2Ev
                0x0000000008006e80       0x18 ./Snake/snake.o
                0x0000000008006e80                std::allocator<SPoint>::~allocator()
                0x0000000008006e80                std::allocator<SPoint>::~allocator()
 .text._ZNSt7__cxx114listI6SPointSaIS1_EEC2ESt16initializer_listIS1_ERKS2_
                0x0000000008006e98       0x5c ./Snake/snake.o
                0x0000000008006e98                std::__cxx11::list<SPoint, std::allocator<SPoint> >::list(std::initializer_list<SPoint>, std::allocator<SPoint> const&)
                0x0000000008006e98                std::__cxx11::list<SPoint, std::allocator<SPoint> >::list(std::initializer_list<SPoint>, std::allocator<SPoint> const&)
 .text._ZNSt7__cxx1110_List_baseI6SPointSaIS1_EE10_List_implD2Ev
                0x0000000008006ef4       0x18 ./Snake/snake.o
                0x0000000008006ef4                std::__cxx11::_List_base<SPoint, std::allocator<SPoint> >::_List_impl::~_List_impl()
                0x0000000008006ef4                std::__cxx11::_List_base<SPoint, std::allocator<SPoint> >::_List_impl::~_List_impl()
 .text._ZNSt7__cxx1110_List_baseI6SPointSaIS1_EED2Ev
                0x0000000008006f0c       0x20 ./Snake/snake.o
                0x0000000008006f0c                std::__cxx11::_List_base<SPoint, std::allocator<SPoint> >::~_List_base()
                0x0000000008006f0c                std::__cxx11::_List_base<SPoint, std::allocator<SPoint> >::~_List_base()
 .text._ZNSt7__cxx114listI6SPointSaIS1_EEaSESt16initializer_listIS1_E
                0x0000000008006f2c       0x36 ./Snake/snake.o
                0x0000000008006f2c                std::__cxx11::list<SPoint, std::allocator<SPoint> >::operator=(std::initializer_list<SPoint>)
 .text._ZNSt7__cxx114listI6SPointSaIS1_EE4backEv
                0x0000000008006f62       0x30 ./Snake/snake.o
                0x0000000008006f62                std::__cxx11::list<SPoint, std::allocator<SPoint> >::back()
 .text._ZNSt7__cxx114listI6SPointSaIS1_EE5beginEv
                0x0000000008006f92       0x22 ./Snake/snake.o
                0x0000000008006f92                std::__cxx11::list<SPoint, std::allocator<SPoint> >::begin()
 .text._ZNSt7__cxx114listI6SPointSaIS1_EE3endEv
                0x0000000008006fb4       0x20 ./Snake/snake.o
                0x0000000008006fb4                std::__cxx11::list<SPoint, std::allocator<SPoint> >::end()
 .text._ZStneRKSt14_List_iteratorI6SPointES3_
                0x0000000008006fd4       0x28 ./Snake/snake.o
                0x0000000008006fd4                std::operator!=(std::_List_iterator<SPoint> const&, std::_List_iterator<SPoint> const&)
 .text._ZNSt14_List_iteratorI6SPointEppEv
                0x0000000008006ffc       0x20 ./Snake/snake.o
                0x0000000008006ffc                std::_List_iterator<SPoint>::operator++()
 .text._ZNKSt14_List_iteratorI6SPointEdeEv
                0x000000000800701c       0x1c ./Snake/snake.o
                0x000000000800701c                std::_List_iterator<SPoint>::operator*() const
 .text._ZNSt7__cxx114listI6SPointSaIS1_EE9push_backERKS1_
                0x0000000008007038       0x24 ./Snake/snake.o
                0x0000000008007038                std::__cxx11::list<SPoint, std::allocator<SPoint> >::push_back(SPoint const&)
 .text._ZNSt7__cxx114listI6SPointSaIS1_EE9pop_frontEv
                0x000000000800705c       0x20 ./Snake/snake.o
                0x000000000800705c                std::__cxx11::list<SPoint, std::allocator<SPoint> >::pop_front()
 .text._ZNKSt7__cxx114listI6SPointSaIS1_EE4sizeEv
                0x000000000800707c       0x18 ./Snake/snake.o
                0x000000000800707c                std::__cxx11::list<SPoint, std::allocator<SPoint> >::size() const
 .text._ZNKSt8functionIFvR6SPointEEclES1_
                0x0000000008007094       0x38 ./Snake/snake.o
                0x0000000008007094                std::function<void (SPoint&)>::operator()(SPoint&) const
 .text._ZN9__gnu_cxx13new_allocatorI6SPointEC2Ev
                0x00000000080070cc       0x16 ./Snake/snake.o
                0x00000000080070cc                __gnu_cxx::new_allocator<SPoint>::new_allocator()
                0x00000000080070cc                __gnu_cxx::new_allocator<SPoint>::new_allocator()
 .text._ZN9__gnu_cxx13new_allocatorI6SPointED2Ev
                0x00000000080070e2       0x16 ./Snake/snake.o
                0x00000000080070e2                __gnu_cxx::new_allocator<SPoint>::~new_allocator()
                0x00000000080070e2                __gnu_cxx::new_allocator<SPoint>::~new_allocator()
 .text._ZNSaISt10_List_nodeI6SPointEEC2IS0_EERKSaIT_E
                0x00000000080070f8       0x1a ./Snake/snake.o
                0x00000000080070f8                std::allocator<std::_List_node<SPoint> >::allocator<SPoint>(std::allocator<SPoint> const&)
                0x00000000080070f8                std::allocator<std::_List_node<SPoint> >::allocator<SPoint>(std::allocator<SPoint> const&)
 .text._ZNSaISt10_List_nodeI6SPointEED2Ev
                0x0000000008007112       0x18 ./Snake/snake.o
                0x0000000008007112                std::allocator<std::_List_node<SPoint> >::~allocator()
                0x0000000008007112                std::allocator<std::_List_node<SPoint> >::~allocator()
 .text._ZNSt7__cxx1110_List_baseI6SPointSaIS1_EEC2EOSaISt10_List_nodeIS1_EE
                0x000000000800712a       0x26 ./Snake/snake.o
                0x000000000800712a                std::__cxx11::_List_base<SPoint, std::allocator<SPoint> >::_List_base(std::allocator<std::_List_node<SPoint> >&&)
                0x000000000800712a                std::__cxx11::_List_base<SPoint, std::allocator<SPoint> >::_List_base(std::allocator<std::_List_node<SPoint> >&&)
 .text._ZNKSt16initializer_listI6SPointE5beginEv
                0x0000000008007150       0x18 ./Snake/snake.o
                0x0000000008007150                std::initializer_list<SPoint>::begin() const
 .text._ZNKSt16initializer_listI6SPointE3endEv
                0x0000000008007168       0x24 ./Snake/snake.o
                0x0000000008007168                std::initializer_list<SPoint>::end() const
 .text._ZNSt7__cxx114listI6SPointSaIS1_EE22_M_initialize_dispatchIPKS1_EEvT_S7_St12__false_type
                0x000000000800718c       0x2e ./Snake/snake.o
                0x000000000800718c                void std::__cxx11::list<SPoint, std::allocator<SPoint> >::_M_initialize_dispatch<SPoint const*>(SPoint const*, SPoint const*, std::__false_type)
 .text._ZNSt7__cxx1110_List_baseI6SPointSaIS1_EE8_M_clearEv
                0x00000000080071ba       0x4a ./Snake/snake.o
                0x00000000080071ba                std::__cxx11::_List_base<SPoint, std::allocator<SPoint> >::_M_clear()
 .text._ZNSt7__cxx114listI6SPointSaIS1_EE6assignIPKS1_vEEvT_S7_
                0x0000000008007204       0x1e ./Snake/snake.o
                0x0000000008007204                void std::__cxx11::list<SPoint, std::allocator<SPoint> >::assign<SPoint const*, void>(SPoint const*, SPoint const*)
 .text._ZNSt14_List_iteratorI6SPointEmmEv
                0x0000000008007222       0x20 ./Snake/snake.o
                0x0000000008007222                std::_List_iterator<SPoint>::operator--()
 .text._ZNSt14_List_iteratorI6SPointEC2EPNSt8__detail15_List_node_baseE
                0x0000000008007242       0x1e ./Snake/snake.o
                0x0000000008007242                std::_List_iterator<SPoint>::_List_iterator(std::__detail::_List_node_base*)
                0x0000000008007242                std::_List_iterator<SPoint>::_List_iterator(std::__detail::_List_node_base*)
 .text._ZNSt10_List_nodeI6SPointE9_M_valptrEv
                0x0000000008007260       0x1c ./Snake/snake.o
                0x0000000008007260                std::_List_node<SPoint>::_M_valptr()
 .text._ZNSt7__cxx114listI6SPointSaIS1_EE9_M_insertIJRKS1_EEEvSt14_List_iteratorIS1_EDpOT_
                0x000000000800727c       0x3c ./Snake/snake.o
                0x000000000800727c                void std::__cxx11::list<SPoint, std::allocator<SPoint> >::_M_insert<SPoint const&>(std::_List_iterator<SPoint>, SPoint const&)
 .text._ZNSt7__cxx114listI6SPointSaIS1_EE8_M_eraseESt14_List_iteratorIS1_E
                0x00000000080072b8       0x4c ./Snake/snake.o
                0x00000000080072b8                std::__cxx11::list<SPoint, std::allocator<SPoint> >::_M_erase(std::_List_iterator<SPoint>)
 .text._ZNKSt7__cxx114listI6SPointSaIS1_EE13_M_node_countEv
                0x0000000008007304       0x1a ./Snake/snake.o
                0x0000000008007304                std::__cxx11::list<SPoint, std::allocator<SPoint> >::_M_node_count() const
 .text._ZN9__gnu_cxx13new_allocatorISt10_List_nodeI6SPointEEC2Ev
                0x000000000800731e       0x16 ./Snake/snake.o
                0x000000000800731e                __gnu_cxx::new_allocator<std::_List_node<SPoint> >::new_allocator()
                0x000000000800731e                __gnu_cxx::new_allocator<std::_List_node<SPoint> >::new_allocator()
 .text._ZN9__gnu_cxx13new_allocatorISt10_List_nodeI6SPointEED2Ev
                0x0000000008007334       0x16 ./Snake/snake.o
                0x0000000008007334                __gnu_cxx::new_allocator<std::_List_node<SPoint> >::~new_allocator()
                0x0000000008007334                __gnu_cxx::new_allocator<std::_List_node<SPoint> >::~new_allocator()
 .text._ZSt4moveIRSaISt10_List_nodeI6SPointEEEONSt16remove_referenceIT_E4typeEOS6_
                0x000000000800734a       0x16 ./Snake/snake.o
                0x000000000800734a                std::remove_reference<std::allocator<std::_List_node<SPoint> >&>::type&& std::move<std::allocator<std::_List_node<SPoint> >&>(std::allocator<std::_List_node<SPoint> >&)
 .text._ZNSt7__cxx1110_List_baseI6SPointSaIS1_EE10_List_implC2EOSaISt10_List_nodeIS1_EE
                0x0000000008007360       0x2c ./Snake/snake.o
                0x0000000008007360                std::__cxx11::_List_base<SPoint, std::allocator<SPoint> >::_List_impl::_List_impl(std::allocator<std::_List_node<SPoint> >&&)
                0x0000000008007360                std::__cxx11::_List_base<SPoint, std::allocator<SPoint> >::_List_impl::_List_impl(std::allocator<std::_List_node<SPoint> >&&)
 .text._ZNKSt16initializer_listI6SPointE4sizeEv
                0x000000000800738c       0x18 ./Snake/snake.o
                0x000000000800738c                std::initializer_list<SPoint>::size() const
 .text._ZNSt7__cxx114listI6SPointSaIS1_EE12emplace_backIJRKS1_EEEvDpOT_
                0x00000000080073a4       0x2c ./Snake/snake.o
                0x00000000080073a4                void std::__cxx11::list<SPoint, std::allocator<SPoint> >::emplace_back<SPoint const&>(SPoint const&)
 .text._ZNSt7__cxx1110_List_baseI6SPointSaIS1_EE21_M_get_Node_allocatorEv
                0x00000000080073d0       0x16 ./Snake/snake.o
                0x00000000080073d0                std::__cxx11::_List_base<SPoint, std::allocator<SPoint> >::_M_get_Node_allocator()
 .text._ZNSt16allocator_traitsISaISt10_List_nodeI6SPointEEE7destroyIS1_EEvRS3_PT_
                0x00000000080073e6       0x1a ./Snake/snake.o
                0x00000000080073e6                void std::allocator_traits<std::allocator<std::_List_node<SPoint> > >::destroy<SPoint>(std::allocator<std::_List_node<SPoint> >&, SPoint*)
 .text._ZNSt7__cxx1110_List_baseI6SPointSaIS1_EE11_M_put_nodeEPSt10_List_nodeIS1_E
                0x0000000008007400       0x1e ./Snake/snake.o
                0x0000000008007400                std::__cxx11::_List_base<SPoint, std::allocator<SPoint> >::_M_put_node(std::_List_node<SPoint>*)
 .text._ZNSt7__cxx114listI6SPointSaIS1_EE18_M_assign_dispatchIPKS1_EEvT_S7_St12__false_type
                0x000000000800741e       0xca ./Snake/snake.o
                0x000000000800741e                void std::__cxx11::list<SPoint, std::allocator<SPoint> >::_M_assign_dispatch<SPoint const*>(SPoint const*, SPoint const*, std::__false_type)
 .text._ZN9__gnu_cxx16__aligned_membufI6SPointE6_M_ptrEv
                0x00000000080074e8       0x18 ./Snake/snake.o
                0x00000000080074e8                __gnu_cxx::__aligned_membuf<SPoint>::_M_ptr()
 .text._ZSt7forwardIRK6SPointEOT_RNSt16remove_referenceIS3_E4typeE
                0x0000000008007500       0x16 ./Snake/snake.o
                0x0000000008007500                SPoint const& std::forward<SPoint const&>(std::remove_reference<SPoint const&>::type&)
 .text._ZNSt7__cxx114listI6SPointSaIS1_EE14_M_create_nodeIJRKS1_EEEPSt10_List_nodeIS1_EDpOT_
                0x0000000008007516       0x68 ./Snake/snake.o
                0x0000000008007516                std::_List_node<SPoint>* std::__cxx11::list<SPoint, std::allocator<SPoint> >::_M_create_node<SPoint const&>(SPoint const&)
 .text._ZNSt7__cxx1110_List_baseI6SPointSaIS1_EE11_M_inc_sizeEj
                0x000000000800757e       0x22 ./Snake/snake.o
                0x000000000800757e                std::__cxx11::_List_base<SPoint, std::allocator<SPoint> >::_M_inc_size(unsigned int)
 .text._ZNSt7__cxx1110_List_baseI6SPointSaIS1_EE11_M_dec_sizeEj
                0x00000000080075a0       0x22 ./Snake/snake.o
                0x00000000080075a0                std::__cxx11::_List_base<SPoint, std::allocator<SPoint> >::_M_dec_size(unsigned int)
 .text._ZNKSt7__cxx1110_List_baseI6SPointSaIS1_EE11_M_get_sizeEv
                0x00000000080075c2       0x18 ./Snake/snake.o
                0x00000000080075c2                std::__cxx11::_List_base<SPoint, std::allocator<SPoint> >::_M_get_size() const
 .text._ZNSaISt10_List_nodeI6SPointEEC2ERKS2_
                0x00000000080075da       0x1c ./Snake/snake.o
                0x00000000080075da                std::allocator<std::_List_node<SPoint> >::allocator(std::allocator<std::_List_node<SPoint> > const&)
                0x00000000080075da                std::allocator<std::_List_node<SPoint> >::allocator(std::allocator<std::_List_node<SPoint> > const&)
 .text._ZN9__gnu_cxx13new_allocatorISt10_List_nodeI6SPointEE7destroyIS2_EEvPT_
                0x00000000080075f6       0x16 ./Snake/snake.o
                0x00000000080075f6                void __gnu_cxx::new_allocator<std::_List_node<SPoint> >::destroy<SPoint>(SPoint*)
 .text._ZNSt16allocator_traitsISaISt10_List_nodeI6SPointEEE10deallocateERS3_PS2_j
                0x000000000800760c       0x1e ./Snake/snake.o
                0x000000000800760c                std::allocator_traits<std::allocator<std::_List_node<SPoint> > >::deallocate(std::allocator<std::_List_node<SPoint> >&, std::_List_node<SPoint>*, unsigned int)
 .text._ZNSt20_List_const_iteratorI6SPointEC2ERKSt14_List_iteratorIS0_E
                0x000000000800762a       0x20 ./Snake/snake.o
                0x000000000800762a                std::_List_const_iterator<SPoint>::_List_const_iterator(std::_List_iterator<SPoint> const&)
                0x000000000800762a                std::_List_const_iterator<SPoint>::_List_const_iterator(std::_List_iterator<SPoint> const&)
 .text._ZNSt7__cxx114listI6SPointSaIS1_EE5eraseESt20_List_const_iteratorIS1_ES5_
                0x000000000800764a       0x54 ./Snake/snake.o
                0x000000000800764a                std::__cxx11::list<SPoint, std::allocator<SPoint> >::erase(std::_List_const_iterator<SPoint>, std::_List_const_iterator<SPoint>)
 .text._ZNSt7__cxx114listI6SPointSaIS1_EE6insertIPKS1_vEESt14_List_iteratorIS1_ESt20_List_const_iteratorIS1_ET_SB_
                0x000000000800769e       0x8c ./Snake/snake.o
                0x000000000800769e                std::_List_iterator<SPoint> std::__cxx11::list<SPoint, std::allocator<SPoint> >::insert<SPoint const*, void>(std::_List_const_iterator<SPoint>, SPoint const*, SPoint const*)
 .text._ZN9__gnu_cxx16__aligned_membufI6SPointE7_M_addrEv
                0x000000000800772a       0x16 ./Snake/snake.o
                0x000000000800772a                __gnu_cxx::__aligned_membuf<SPoint>::_M_addr()
 .text._ZNSt7__cxx1110_List_baseI6SPointSaIS1_EE11_M_get_nodeEv
                0x0000000008007740       0x1c ./Snake/snake.o
                0x0000000008007740                std::__cxx11::_List_base<SPoint, std::allocator<SPoint> >::_M_get_node()
 .text._ZNSt15__allocated_ptrISaISt10_List_nodeI6SPointEEEC2ERS3_PS2_
                0x000000000800775c       0x28 ./Snake/snake.o
                0x000000000800775c                std::__allocated_ptr<std::allocator<std::_List_node<SPoint> > >::__allocated_ptr(std::allocator<std::_List_node<SPoint> >&, std::_List_node<SPoint>*)
                0x000000000800775c                std::__allocated_ptr<std::allocator<std::_List_node<SPoint> > >::__allocated_ptr(std::allocator<std::_List_node<SPoint> >&, std::_List_node<SPoint>*)
 .text._ZNSt15__allocated_ptrISaISt10_List_nodeI6SPointEEED2Ev
                0x0000000008007784       0x2a ./Snake/snake.o
                0x0000000008007784                std::__allocated_ptr<std::allocator<std::_List_node<SPoint> > >::~__allocated_ptr()
                0x0000000008007784                std::__allocated_ptr<std::allocator<std::_List_node<SPoint> > >::~__allocated_ptr()
 .text._ZNSt16allocator_traitsISaISt10_List_nodeI6SPointEEE9constructIS1_JRKS1_EEEvRS3_PT_DpOT0_
                0x00000000080077ae       0x26 ./Snake/snake.o
                0x00000000080077ae                void std::allocator_traits<std::allocator<std::_List_node<SPoint> > >::construct<SPoint, SPoint const&>(std::allocator<std::_List_node<SPoint> >&, SPoint*, SPoint const&)
 .text._ZNSt15__allocated_ptrISaISt10_List_nodeI6SPointEEEaSEDn
                0x00000000080077d4       0x1e ./Snake/snake.o
                0x00000000080077d4                std::__allocated_ptr<std::allocator<std::_List_node<SPoint> > >::operator=(decltype(nullptr))
 .text._ZN9__gnu_cxx13new_allocatorISt10_List_nodeI6SPointEEC2ERKS4_
                0x00000000080077f2       0x18 ./Snake/snake.o
                0x00000000080077f2                __gnu_cxx::new_allocator<std::_List_node<SPoint> >::new_allocator(__gnu_cxx::new_allocator<std::_List_node<SPoint> > const&)
                0x00000000080077f2                __gnu_cxx::new_allocator<std::_List_node<SPoint> >::new_allocator(__gnu_cxx::new_allocator<std::_List_node<SPoint> > const&)
 .text._ZN9__gnu_cxx13new_allocatorISt10_List_nodeI6SPointEE10deallocateEPS3_j
                0x000000000800780a       0x20 ./Snake/snake.o
                0x000000000800780a                __gnu_cxx::new_allocator<std::_List_node<SPoint> >::deallocate(std::_List_node<SPoint>*, unsigned int)
 .text._ZStneRKSt20_List_const_iteratorI6SPointES3_
                0x000000000800782a       0x28 ./Snake/snake.o
                0x000000000800782a                std::operator!=(std::_List_const_iterator<SPoint> const&, std::_List_const_iterator<SPoint> const&)
 .text._ZNSt7__cxx114listI6SPointSaIS1_EE5eraseESt20_List_const_iteratorIS1_E
                0x0000000008007852       0x36 ./Snake/snake.o
                0x0000000008007852                std::__cxx11::list<SPoint, std::allocator<SPoint> >::erase(std::_List_const_iterator<SPoint>)
 .text._ZNKSt20_List_const_iteratorI6SPointE13_M_const_castEv
                0x0000000008007888       0x22 ./Snake/snake.o
                0x0000000008007888                std::_List_const_iterator<SPoint>::_M_const_cast() const
 .text._ZNKSt7__cxx114listI6SPointSaIS1_EE13get_allocatorEv
                0x00000000080078aa       0x24 ./Snake/snake.o
                0x00000000080078aa                std::__cxx11::list<SPoint, std::allocator<SPoint> >::get_allocator() const
 .text._ZNSt7__cxx114listI6SPointSaIS1_EEC2IPKS1_vEET_S7_RKS2_
                0x00000000080078ce       0x48 ./Snake/snake.o
                0x00000000080078ce                std::__cxx11::list<SPoint, std::allocator<SPoint> >::list<SPoint const*, void>(SPoint const*, SPoint const*, std::allocator<SPoint> const&)
                0x00000000080078ce                std::__cxx11::list<SPoint, std::allocator<SPoint> >::list<SPoint const*, void>(SPoint const*, SPoint const*, std::allocator<SPoint> const&)
 .text._ZNKSt7__cxx114listI6SPointSaIS1_EE5emptyEv
                0x0000000008007916       0x24 ./Snake/snake.o
                0x0000000008007916                std::__cxx11::list<SPoint, std::allocator<SPoint> >::empty() const
 .text._ZNSt7__cxx114listI6SPointSaIS1_EE6spliceESt20_List_const_iteratorIS1_ERS3_
                0x000000000800793a       0x26 ./Snake/snake.o
                0x000000000800793a                std::__cxx11::list<SPoint, std::allocator<SPoint> >::splice(std::_List_const_iterator<SPoint>, std::__cxx11::list<SPoint, std::allocator<SPoint> >&)
 .text._ZNSt16allocator_traitsISaISt10_List_nodeI6SPointEEE8allocateERS3_j
                0x0000000008007960       0x1e ./Snake/snake.o
                0x0000000008007960                std::allocator_traits<std::allocator<std::_List_node<SPoint> > >::allocate(std::allocator<std::_List_node<SPoint> >&, unsigned int)
 .text._ZSt11__addressofISaISt10_List_nodeI6SPointEEEPT_RS4_
                0x000000000800797e       0x16 ./Snake/snake.o
                0x000000000800797e                std::allocator<std::_List_node<SPoint> >* std::__addressof<std::allocator<std::_List_node<SPoint> > >(std::allocator<std::_List_node<SPoint> >&)
 .text._ZN9__gnu_cxx13new_allocatorISt10_List_nodeI6SPointEE9constructIS2_JRKS2_EEEvPT_DpOT0_
                0x0000000008007994       0x32 ./Snake/snake.o
                0x0000000008007994                void __gnu_cxx::new_allocator<std::_List_node<SPoint> >::construct<SPoint, SPoint const&>(SPoint*, SPoint const&)
 .text._ZNKSt7__cxx1110_List_baseI6SPointSaIS1_EE21_M_get_Node_allocatorEv
                0x00000000080079c6       0x16 ./Snake/snake.o
                0x00000000080079c6                std::__cxx11::_List_base<SPoint, std::allocator<SPoint> >::_M_get_Node_allocator() const
 .text._ZNSaI6SPointEC2ISt10_List_nodeIS_EEERKSaIT_E
                0x00000000080079dc       0x1a ./Snake/snake.o
                0x00000000080079dc                std::allocator<SPoint>::allocator<std::_List_node<SPoint> >(std::allocator<std::_List_node<SPoint> > const&)
                0x00000000080079dc                std::allocator<SPoint>::allocator<std::_List_node<SPoint> >(std::allocator<std::_List_node<SPoint> > const&)
 .text._ZSt4moveIRNSt7__cxx114listI6SPointSaIS2_EEEEONSt16remove_referenceIT_E4typeEOS7_
                0x00000000080079f6       0x16 ./Snake/snake.o
                0x00000000080079f6                std::remove_reference<std::__cxx11::list<SPoint, std::allocator<SPoint> >&>::type&& std::move<std::__cxx11::list<SPoint, std::allocator<SPoint> >&>(std::__cxx11::list<SPoint, std::allocator<SPoint> >&)
 .text._ZNSt7__cxx114listI6SPointSaIS1_EE6spliceESt20_List_const_iteratorIS1_EOS3_
                0x0000000008007a0c       0x72 ./Snake/snake.o
                0x0000000008007a0c                std::__cxx11::list<SPoint, std::allocator<SPoint> >::splice(std::_List_const_iterator<SPoint>, std::__cxx11::list<SPoint, std::allocator<SPoint> >&&)
 .text._ZN9__gnu_cxx13new_allocatorISt10_List_nodeI6SPointEE8allocateEjPKv
                0x0000000008007a7e       0x3c ./Snake/snake.o
                0x0000000008007a7e                __gnu_cxx::new_allocator<std::_List_node<SPoint> >::allocate(unsigned int, void const*)
 .text._ZNSt7__cxx114listI6SPointSaIS1_EE25_M_check_equal_allocatorsERS3_
                0x0000000008007aba       0x38 ./Snake/snake.o
                0x0000000008007aba                std::__cxx11::list<SPoint, std::allocator<SPoint> >::_M_check_equal_allocators(std::__cxx11::list<SPoint, std::allocator<SPoint> >&)
 .text._ZNSt7__cxx114listI6SPointSaIS1_EE11_M_transferESt14_List_iteratorIS1_ES5_S5_
                0x0000000008007af2       0x22 ./Snake/snake.o
                0x0000000008007af2                std::__cxx11::list<SPoint, std::allocator<SPoint> >::_M_transfer(std::_List_iterator<SPoint>, std::_List_iterator<SPoint>, std::_List_iterator<SPoint>)
 .text._ZNSt7__cxx1110_List_baseI6SPointSaIS1_EE11_M_set_sizeEj
                0x0000000008007b14       0x1c ./Snake/snake.o
                0x0000000008007b14                std::__cxx11::_List_base<SPoint, std::allocator<SPoint> >::_M_set_size(unsigned int)
 .text._ZNK9__gnu_cxx13new_allocatorISt10_List_nodeI6SPointEE11_M_max_sizeEv
                0x0000000008007b30       0x18 ./Snake/snake.o
                0x0000000008007b30                __gnu_cxx::new_allocator<std::_List_node<SPoint> >::_M_max_size() const
 .text._ZNSt11__alloc_neqISaISt10_List_nodeI6SPointEELb1EE8_S_do_itERKS3_S6_
                0x0000000008007b48       0x18 ./Snake/snake.o
                0x0000000008007b48                std::__alloc_neq<std::allocator<std::_List_node<SPoint> >, true>::_S_do_it(std::allocator<std::_List_node<SPoint> > const&, std::allocator<std::_List_node<SPoint> > const&)
 .text._Z41__static_initialization_and_destruction_0ii
                0x0000000008007b60       0x74 ./Snake/snake.o
 .text._GLOBAL__sub_I_gAple
                0x0000000008007bd4       0x10 ./Snake/snake.o
 .text._GLOBAL__sub_D_gAple
                0x0000000008007be4       0x10 ./Snake/snake.o
 .text._ZdlPvj  0x0000000008007bf4        0x4 c:/st/stm32cubeide_1.10.1/stm32cubeide/plugins/com.st.stm32cube.ide.mcu.externaltools.gnu-tools-for-stm32.10.3-2021.10.win32_1.0.200.202301161003/tools/bin/../lib/gcc/arm-none-eabi/10.3.1/../../../../arm-none-eabi/lib/thumb/v7e-m+fp/hard\libstdc++_nano.a(del_ops.o)
                0x0000000008007bf4                operator delete(void*, unsigned int)
 .text._Znwj    0x0000000008007bf8       0x22 c:/st/stm32cubeide_1.10.1/stm32cubeide/plugins/com.st.stm32cube.ide.mcu.externaltools.gnu-tools-for-stm32.10.3-2021.10.win32_1.0.200.202301161003/tools/bin/../lib/gcc/arm-none-eabi/10.3.1/../../../../arm-none-eabi/lib/thumb/v7e-m+fp/hard\libstdc++_nano.a(new_op.o)
                0x0000000008007bf8                operator new(unsigned int)
 .text._ZNSt8__detail15_List_node_base11_M_transferEPS0_S1_
                0x0000000008007c1a       0x1c c:/st/stm32cubeide_1.10.1/stm32cubeide/plugins/com.st.stm32cube.ide.mcu.externaltools.gnu-tools-for-stm32.10.3-2021.10.win32_1.0.200.202301161003/tools/bin/../lib/gcc/arm-none-eabi/10.3.1/../../../../arm-none-eabi/lib/thumb/v7e-m+fp/hard\libstdc++_nano.a(list.o)
                0x0000000008007c1a                std::__detail::_List_node_base::_M_transfer(std::__detail::_List_node_base*, std::__detail::_List_node_base*)
 .text._ZNSt8__detail15_List_node_base7_M_hookEPS0_
                0x0000000008007c36        0xe c:/st/stm32cubeide_1.10.1/stm32cubeide/plugins/com.st.stm32cube.ide.mcu.externaltools.gnu-tools-for-stm32.10.3-2021.10.win32_1.0.200.202301161003/tools/bin/../lib/gcc/arm-none-eabi/10.3.1/../../../../arm-none-eabi/lib/thumb/v7e-m+fp/hard\libstdc++_nano.a(list.o)
                0x0000000008007c36                std::__detail::_List_node_base::_M_hook(std::__detail::_List_node_base*)
 .text._ZNSt8__detail15_List_node_base9_M_unhookEv
                0x0000000008007c44        0xa c:/st/stm32cubeide_1.10.1/stm32cubeide/plugins/com.st.stm32cube.ide.mcu.externaltools.gnu-tools-for-stm32.10.3-2021.10.win32_1.0.200.202301161003/tools/bin/../lib/gcc/arm-none-eabi/10.3.1/../../../../arm-none-eabi/lib/thumb/v7e-m+fp/hard\libstdc++_nano.a(list.o)
                0x0000000008007c44                std::__detail::_List_node_base::_M_unhook()
 .text.unlikely._ZSt17__throw_bad_allocv
                0x0000000008007c4e        0x6 c:/st/stm32cubeide_1.10.1/stm32cubeide/plugins/com.st.stm32cube.ide.mcu.externaltools.gnu-tools-for-stm32.10.3-2021.10.win32_1.0.200.202301161003/tools/bin/../lib/gcc/arm-none-eabi/10.3.1/../../../../arm-none-eabi/lib/thumb/v7e-m+fp/hard\libstdc++_nano.a(functexcept.o)
                0x0000000008007c4e                std::__throw_bad_alloc()
 .text.unlikely._ZSt25__throw_bad_function_callv
                0x0000000008007c54        0x6 c:/st/stm32cubeide_1.10.1/stm32cubeide/plugins/com.st.stm32cube.ide.mcu.externaltools.gnu-tools-for-stm32.10.3-2021.10.win32_1.0.200.202301161003/tools/bin/../lib/gcc/arm-none-eabi/10.3.1/../../../../arm-none-eabi/lib/thumb/v7e-m+fp/hard\libstdc++_nano.a(functional.o)
                0x0000000008007c54                std::__throw_bad_function_call()
 .text._ZdlPv   0x0000000008007c5a        0x4 c:/st/stm32cubeide_1.10.1/stm32cubeide/plugins/com.st.stm32cube.ide.mcu.externaltools.gnu-tools-for-stm32.10.3-2021.10.win32_1.0.200.202301161003/tools/bin/../lib/gcc/arm-none-eabi/10.3.1/../../../../arm-none-eabi/lib/thumb/v7e-m+fp/hard\libstdc++_nano.a(del_op.o)
                0x0000000008007c5a                operator delete(void*)
 *fill*         0x0000000008007c5e        0x2 
 .text._ZSt15get_new_handlerv
                0x0000000008007c60       0x10 c:/st/stm32cubeide_1.10.1/stm32cubeide/plugins/com.st.stm32cube.ide.mcu.externaltools.gnu-tools-for-stm32.10.3-2021.10.win32_1.0.200.202301161003/tools/bin/../lib/gcc/arm-none-eabi/10.3.1/../../../../arm-none-eabi/lib/thumb/v7e-m+fp/hard\libstdc++_nano.a(new_handler.o)
                0x0000000008007c60                std::get_new_handler()
 .text.abort    0x0000000008007c70        0xe c:/st/stm32cubeide_1.10.1/stm32cubeide/plugins/com.st.stm32cube.ide.mcu.externaltools.gnu-tools-for-stm32.10.3-2021.10.win32_1.0.200.202301161003/tools/bin/../lib/gcc/arm-none-eabi/10.3.1/../../../../arm-none-eabi/lib/thumb/v7e-m+fp/hard\libc_nano.a(lib_a-abort.o)
                0x0000000008007c70                abort
 *fill*         0x0000000008007c7e        0x2 
 .text.__errno  0x0000000008007c80        0xc c:/st/stm32cubeide_1.10.1/stm32cubeide/plugins/com.st.stm32cube.ide.mcu.externaltools.gnu-tools-for-stm32.10.3-2021.10.win32_1.0.200.202301161003/tools/bin/../lib/gcc/arm-none-eabi/10.3.1/../../../../arm-none-eabi/lib/thumb/v7e-m+fp/hard\libc_nano.a(lib_a-errno.o)
                0x0000000008007c80                __errno
 .text.__libc_init_array
                0x0000000008007c8c       0x48 c:/st/stm32cubeide_1.10.1/stm32cubeide/plugins/com.st.stm32cube.ide.mcu.externaltools.gnu-tools-for-stm32.10.3-2021.10.win32_1.0.200.202301161003/tools/bin/../lib/gcc/arm-none-eabi/10.3.1/../../../../arm-none-eabi/lib/thumb/v7e-m+fp/hard\libc_nano.a(lib_a-init.o)
                0x0000000008007c8c                __libc_init_array
 .text.malloc   0x0000000008007cd4       0x10 c:/st/stm32cubeide_1.10.1/stm32cubeide/plugins/com.st.stm32cube.ide.mcu.externaltools.gnu-tools-for-stm32.10.3-2021.10.win32_1.0.200.202301161003/tools/bin/../lib/gcc/arm-none-eabi/10.3.1/../../../../arm-none-eabi/lib/thumb/v7e-m+fp/hard\libc_nano.a(lib_a-malloc.o)
                0x0000000008007cd4                malloc
 .text.free     0x0000000008007ce4       0x10 c:/st/stm32cubeide_1.10.1/stm32cubeide/plugins/com.st.stm32cube.ide.mcu.externaltools.gnu-tools-for-stm32.10.3-2021.10.win32_1.0.200.202301161003/tools/bin/../lib/gcc/arm-none-eabi/10.3.1/../../../../arm-none-eabi/lib/thumb/v7e-m+fp/hard\libc_nano.a(lib_a-malloc.o)
                0x0000000008007ce4                free
 .text.memcpy   0x0000000008007cf4       0x1c c:/st/stm32cubeide_1.10.1/stm32cubeide/plugins/com.st.stm32cube.ide.mcu.externaltools.gnu-tools-for-stm32.10.3-2021.10.win32_1.0.200.202301161003/tools/bin/../lib/gcc/arm-none-eabi/10.3.1/../../../../arm-none-eabi/lib/thumb/v7e-m+fp/hard\libc_nano.a(lib_a-memcpy-stub.o)
                0x0000000008007cf4                memcpy
 .text.memset   0x0000000008007d10       0x10 c:/st/stm32cubeide_1.10.1/stm32cubeide/plugins/com.st.stm32cube.ide.mcu.externaltools.gnu-tools-for-stm32.10.3-2021.10.win32_1.0.200.202301161003/tools/bin/../lib/gcc/arm-none-eabi/10.3.1/../../../../arm-none-eabi/lib/thumb/v7e-m+fp/hard\libc_nano.a(lib_a-memset.o)
                0x0000000008007d10                memset
 .text._free_r  0x0000000008007d20       0x98 c:/st/stm32cubeide_1.10.1/stm32cubeide/plugins/com.st.stm32cube.ide.mcu.externaltools.gnu-tools-for-stm32.10.3-2021.10.win32_1.0.200.202301161003/tools/bin/../lib/gcc/arm-none-eabi/10.3.1/../../../../arm-none-eabi/lib/thumb/v7e-m+fp/hard\libc_nano.a(lib_a-nano-freer.o)
                0x0000000008007d20                _free_r
 .text.sbrk_aligned
                0x0000000008007db8       0x40 c:/st/stm32cubeide_1.10.1/stm32cubeide/plugins/com.st.stm32cube.ide.mcu.externaltools.gnu-tools-for-stm32.10.3-2021.10.win32_1.0.200.202301161003/tools/bin/../lib/gcc/arm-none-eabi/10.3.1/../../../../arm-none-eabi/lib/thumb/v7e-m+fp/hard\libc_nano.a(lib_a-nano-mallocr.o)
 .text._malloc_r
                0x0000000008007df8       0xe8 c:/st/stm32cubeide_1.10.1/stm32cubeide/plugins/com.st.stm32cube.ide.mcu.externaltools.gnu-tools-for-stm32.10.3-2021.10.win32_1.0.200.202301161003/tools/bin/../lib/gcc/arm-none-eabi/10.3.1/../../../../arm-none-eabi/lib/thumb/v7e-m+fp/hard\libc_nano.a(lib_a-nano-mallocr.o)
                0x0000000008007df8                _malloc_r
 .text.__cvt    0x0000000008007ee0       0xc4 c:/st/stm32cubeide_1.10.1/stm32cubeide/plugins/com.st.stm32cube.ide.mcu.externaltools.gnu-tools-for-stm32.10.3-2021.10.win32_1.0.200.202301161003/tools/bin/../lib/gcc/arm-none-eabi/10.3.1/../../../../arm-none-eabi/lib/thumb/v7e-m+fp/hard\libc_nano.a(lib_a-nano-vfprintf_float.o)
                0x0000000008007ee0                __cvt
 .text.__exponent
                0x0000000008007fa4       0x7c c:/st/stm32cubeide_1.10.1/stm32cubeide/plugins/com.st.stm32cube.ide.mcu.externaltools.gnu-tools-for-stm32.10.3-2021.10.win32_1.0.200.202301161003/tools/bin/../lib/gcc/arm-none-eabi/10.3.1/../../../../arm-none-eabi/lib/thumb/v7e-m+fp/hard\libc_nano.a(lib_a-nano-vfprintf_float.o)
                0x0000000008007fa4                __exponent
 .text._printf_float
                0x0000000008008020      0x46c c:/st/stm32cubeide_1.10.1/stm32cubeide/plugins/com.st.stm32cube.ide.mcu.externaltools.gnu-tools-for-stm32.10.3-2021.10.win32_1.0.200.202301161003/tools/bin/../lib/gcc/arm-none-eabi/10.3.1/../../../../arm-none-eabi/lib/thumb/v7e-m+fp/hard\libc_nano.a(lib_a-nano-vfprintf_float.o)
                0x0000000008008020                _printf_float
 .text._printf_common
                0x000000000800848c       0xda c:/st/stm32cubeide_1.10.1/stm32cubeide/plugins/com.st.stm32cube.ide.mcu.externaltools.gnu-tools-for-stm32.10.3-2021.10.win32_1.0.200.202301161003/tools/bin/../lib/gcc/arm-none-eabi/10.3.1/../../../../arm-none-eabi/lib/thumb/v7e-m+fp/hard\libc_nano.a(lib_a-nano-vfprintf_i.o)
                0x000000000800848c                _printf_common
 *fill*         0x0000000008008566        0x2 
 .text._printf_i
                0x0000000008008568      0x24c c:/st/stm32cubeide_1.10.1/stm32cubeide/plugins/com.st.stm32cube.ide.mcu.externaltools.gnu-tools-for-stm32.10.3-2021.10.win32_1.0.200.202301161003/tools/bin/../lib/gcc/arm-none-eabi/10.3.1/../../../../arm-none-eabi/lib/thumb/v7e-m+fp/hard\libc_nano.a(lib_a-nano-vfprintf_i.o)
                0x0000000008008568                _printf_i
 .text._sbrk_r  0x00000000080087b4       0x20 c:/st/stm32cubeide_1.10.1/stm32cubeide/plugins/com.st.stm32cube.ide.mcu.externaltools.gnu-tools-for-stm32.10.3-2021.10.win32_1.0.200.202301161003/tools/bin/../lib/gcc/arm-none-eabi/10.3.1/../../../../arm-none-eabi/lib/thumb/v7e-m+fp/hard\libc_nano.a(lib_a-sbrkr.o)
                0x00000000080087b4                _sbrk_r
 .text._raise_r
                0x00000000080087d4       0x50 c:/st/stm32cubeide_1.10.1/stm32cubeide/plugins/com.st.stm32cube.ide.mcu.externaltools.gnu-tools-for-stm32.10.3-2021.10.win32_1.0.200.202301161003/tools/bin/../lib/gcc/arm-none-eabi/10.3.1/../../../../arm-none-eabi/lib/thumb/v7e-m+fp/hard\libc_nano.a(lib_a-signal.o)
                0x00000000080087d4                _raise_r
 .text.raise    0x0000000008008824       0x10 c:/st/stm32cubeide_1.10.1/stm32cubeide/plugins/com.st.stm32cube.ide.mcu.externaltools.gnu-tools-for-stm32.10.3-2021.10.win32_1.0.200.202301161003/tools/bin/../lib/gcc/arm-none-eabi/10.3.1/../../../../arm-none-eabi/lib/thumb/v7e-m+fp/hard\libc_nano.a(lib_a-signal.o)
                0x0000000008008824                raise
 .text._kill_r  0x0000000008008834       0x24 c:/st/stm32cubeide_1.10.1/stm32cubeide/plugins/com.st.stm32cube.ide.mcu.externaltools.gnu-tools-for-stm32.10.3-2021.10.win32_1.0.200.202301161003/tools/bin/../lib/gcc/arm-none-eabi/10.3.1/../../../../arm-none-eabi/lib/thumb/v7e-m+fp/hard\libc_nano.a(lib_a-signalr.o)
                0x0000000008008834                _kill_r
 .text._getpid_r
                0x0000000008008858        0x4 c:/st/stm32cubeide_1.10.1/stm32cubeide/plugins/com.st.stm32cube.ide.mcu.externaltools.gnu-tools-for-stm32.10.3-2021.10.win32_1.0.200.202301161003/tools/bin/../lib/gcc/arm-none-eabi/10.3.1/../../../../arm-none-eabi/lib/thumb/v7e-m+fp/hard\libc_nano.a(lib_a-signalr.o)
                0x0000000008008858                _getpid_r
 .text.quorem   0x000000000800885c      0x116 c:/st/stm32cubeide_1.10.1/stm32cubeide/plugins/com.st.stm32cube.ide.mcu.externaltools.gnu-tools-for-stm32.10.3-2021.10.win32_1.0.200.202301161003/tools/bin/../lib/gcc/arm-none-eabi/10.3.1/../../../../arm-none-eabi/lib/thumb/v7e-m+fp/hard\libc_nano.a(lib_a-dtoa.o)
 *fill*         0x0000000008008972        0x6 
 .text._dtoa_r  0x0000000008008978      0xbdc c:/st/stm32cubeide_1.10.1/stm32cubeide/plugins/com.st.stm32cube.ide.mcu.externaltools.gnu-tools-for-stm32.10.3-2021.10.win32_1.0.200.202301161003/tools/bin/../lib/gcc/arm-none-eabi/10.3.1/../../../../arm-none-eabi/lib/thumb/v7e-m+fp/hard\libc_nano.a(lib_a-dtoa.o)
                0x0000000008008978                _dtoa_r
 .text._localeconv_r