../Core/Src/main.cpp:459:6:void ButtonTimer(void*)	0	static
c:\st\stm32cubeide_1.10.1\stm32cubeide\plugins\com.st.stm32cube.ide.mcu.externaltools.gnu-tools-for-stm32.10.3-2021.10.win32_1.0.200.202301161003\tools\arm-none-eabi\include\c++\10.3.1\bits\std_function.h:268:7:), _Functor>::_M_manager(std::_Any_data&, const std::_Any_data&, std::_Manager_operation) [with _Res = void; _Functor = DrawScreen()::<lambda(SPoint&)>; _ArgTypes = {SPoint&}]	0	static
c:\st\stm32cubeide_1.10.1\stm32cubeide\plugins\com.st.stm32cube.ide.mcu.externaltools.gnu-tools-for-stm32.10.3-2021.10.win32_1.0.200.202301161003\tools\arm-none-eabi\include\c++\10.3.1\bits\std_function.h:289:7:) [with _Res = void; _Functor = DrawScreen()::<lambda(SPoint&)>; _ArgTypes = {SPoint&}]	0	static
../Core/Src/main.cpp:226:6:void SystemClock_Config()	88	static,ignoring_inline_asm
../Core/Src/main.cpp:136:5:int main()	48	static
../Core/Src/main.cpp:323:6:void HD44780UDelayUS(uint32_t)	8	static
../Core/Src/main.cpp:338:6:void ButtonEventHanler(size_t, bool)	16	static
../Core/Src/main.cpp:344:6:void DrawScreen()	72	static
../Core/Src/main.cpp:404:6:void RefreshSnakeTask(void*)	8	static
../Core/Src/main.cpp:370:6:void SnakeMoveController(size_t)	48	static
../Core/Src/main.cpp:430:6:void ButtonTask(void*)	16	static
../Core/Src/main.cpp:470:6:void Error_Handler()	0	static,ignoring_inline_asm
