../CustomDrivers/HD44780U/hd44780u.c:154:13:SendHalfByte	16	static
../CustomDrivers/HD44780U/hd44780u.c:193:13:WriteInstructionWithDelay	16	static
../CustomDrivers/HD44780U/hd44780u.c:215:6:HD44780USetPosition	0	static
../CustomDrivers/HD44780U/hd44780u.c:235:6:HD44780UWriteStringWithOffset	24	static
../CustomDrivers/HD44780U/hd44780u.c:230:6:HD44780UWriteString	0	static
../CustomDrivers/HD44780U/hd44780u.c:250:6:HD44780UClear	0	static
../CustomDrivers/HD44780U/hd44780u.c:255:6:HD44780UReturnHome	0	static
../CustomDrivers/HD44780U/hd44780u.c:260:6:HD44780USetCursor	0	static
../CustomDrivers/HD44780U/hd44780u.c:277:6:HD44780USetEntryMode	0	static
../CustomDrivers/HD44780U/hd44780u.c:282:6:HD44780UInit	8	static
