../Snake/snake.cpp:76:6:void SnakeGenerateAple(uint32_t)	24	static
../Snake/snake.cpp:110:6:void DrawSnake(std::function<void(SPoint&)>)	32	static
c:\st\stm32cubeide_1.10.1\stm32cubeide\plugins\com.st.stm32cube.ide.mcu.externaltools.gnu-tools-for-stm32.10.3-2021.10.win32_1.0.200.202301161003\tools\arm-none-eabi\include\c++\10.3.1\bits\list.tcc:66:5:void std::__cxx11::_List_base<_Tp, _Alloc>::_M_clear() [with _Tp = SPoint; _Alloc = std::allocator<SPoint>]	16	static
c:\st\stm32cubeide_1.10.1\stm32cubeide\plugins\com.st.stm32cube.ide.mcu.externaltools.gnu-tools-for-stm32.10.3-2021.10.win32_1.0.200.202301161003\tools\arm-none-eabi\include\c++\10.3.1\bits\stl_list.h:1909:8:) [with _Args = {const SPoint&}; _Tp = SPoint; _Alloc = std::allocator<SPoint>]	16	static
../Snake/snake.cpp:43:6:void SnakeReset()	48	static
../Snake/snake.cpp:48:6:bool SnakeMove(EMoveDirection)	32	static
../Snake/snake.cpp:116:1:cpp)	16	static
../Snake/snake.cpp:116:1:cpp)	8	static
